::1 - - [25/Apr/2023:11:00:02 +0200] "POST /mywebsite/wp-admin/admin-ajax.php HTTP/1.1" 200 99 "http://localhost/mywebsite/wp-admin/post.php?post=11&action=elementor" "Mozilla/5.0 (Windows NT 10.0; Win64; x64) AppleWebKit/537.36 (KHTML, like Gecko) Chrome/107.0.0.0 Safari/537.36"
::1 - - [25/Apr/2023:11:00:03 +0200] "POST /mywebsite/wp-admin/admin-ajax.php HTTP/1.1" 200 99 "http://localhost/mywebsite/wp-admin/post.php?post=11&action=elementor" "Mozilla/5.0 (Windows NT 10.0; Win64; x64) AppleWebKit/537.36 (KHTML, like Gecko) Chrome/107.0.0.0 Safari/537.36"
::1 - - [25/Apr/2023:11:00:14 +0200] "POST /mywebsite/wp-admin/admin-ajax.php HTTP/1.1" 200 77 "http://localhost/mywebsite/wp-admin/post.php?post=11&action=elementor" "Mozilla/5.0 (Windows NT 10.0; Win64; x64) AppleWebKit/537.36 (KHTML, like Gecko) Chrome/107.0.0.0 Safari/537.36"
::1 - - [25/Apr/2023:11:00:21 +0200] "GET /mywebsite/wp-content/plugins/elementor/assets/images/information.svg HTTP/1.1" 304 - "http://localhost/mywebsite/wp-admin/post.php?post=11&action=elementor" "Mozilla/5.0 (Windows NT 10.0; Win64; x64) AppleWebKit/537.36 (KHTML, like Gecko) Chrome/107.0.0.0 Safari/537.36"
127.0.0.1 - - [25/Apr/2023:11:00:30 +0200] "POST /mywebsite/wp-cron.php?doing_wp_cron=1682413230.9487380981445312500000 HTTP/1.1" 200 - "-" "WordPress/6.2; http://localhost/mywebsite"
::1 - - [25/Apr/2023:11:00:30 +0200] "POST /mywebsite/wp-admin/admin-ajax.php HTTP/1.1" 200 77 "http://localhost/mywebsite/wp-admin/post.php?post=11&action=elementor" "Mozilla/5.0 (Windows NT 10.0; Win64; x64) AppleWebKit/537.36 (KHTML, like Gecko) Chrome/107.0.0.0 Safari/537.36"
::1 - - [25/Apr/2023:11:00:45 +0200] "POST /mywebsite/wp-admin/admin-ajax.php HTTP/1.1" 200 77 "http://localhost/mywebsite/wp-admin/post.php?post=11&action=elementor" "Mozilla/5.0 (Windows NT 10.0; Win64; x64) AppleWebKit/537.36 (KHTML, like Gecko) Chrome/107.0.0.0 Safari/537.36"
::1 - - [25/Apr/2023:11:01:01 +0200] "POST /mywebsite/wp-admin/admin-ajax.php HTTP/1.1" 200 77 "http://localhost/mywebsite/wp-admin/post.php?post=11&action=elementor" "Mozilla/5.0 (Windows NT 10.0; Win64; x64) AppleWebKit/537.36 (KHTML, like Gecko) Chrome/107.0.0.0 Safari/537.36"
::1 - - [25/Apr/2023:11:01:17 +0200] "POST /mywebsite/wp-admin/admin-ajax.php HTTP/1.1" 200 77 "http://localhost/mywebsite/wp-admin/post.php?post=11&action=elementor" "Mozilla/5.0 (Windows NT 10.0; Win64; x64) AppleWebKit/537.36 (KHTML, like Gecko) Chrome/107.0.0.0 Safari/537.36"
127.0.0.1 - - [25/Apr/2023:11:01:55 +0200] "POST /mywebsite/wp-cron.php?doing_wp_cron=1682413315.4941079616546630859375 HTTP/1.1" 200 - "-" "WordPress/6.2; http://localhost/mywebsite"
::1 - - [25/Apr/2023:11:01:54 +0200] "POST /mywebsite/wp-admin/admin-ajax.php HTTP/1.1" 200 77 "http://localhost/mywebsite/wp-admin/post.php?post=11&action=elementor" "Mozilla/5.0 (Windows NT 10.0; Win64; x64) AppleWebKit/537.36 (KHTML, like Gecko) Chrome/107.0.0.0 Safari/537.36"
::1 - - [25/Apr/2023:11:02:09 +0200] "POST /mywebsite/wp-admin/admin-ajax.php HTTP/1.1" 200 77 "http://localhost/mywebsite/wp-admin/post.php?post=11&action=elementor" "Mozilla/5.0 (Windows NT 10.0; Win64; x64) AppleWebKit/537.36 (KHTML, like Gecko) Chrome/107.0.0.0 Safari/537.36"
::1 - - [25/Apr/2023:11:02:09 +0200] "GET /mywebsite/wp-json/elementor/v1/template-library/templates?source=remote HTTP/1.1" 200 436397 "http://localhost/mywebsite/wp-admin/post.php?post=11&action=elementor" "Mozilla/5.0 (Windows NT 10.0; Win64; x64) AppleWebKit/537.36 (KHTML, like Gecko) Chrome/107.0.0.0 Safari/537.36"
::1 - - [25/Apr/2023:11:02:11 +0200] "GET /mywebsite/wp-json/elementor/v1/template-library/templates?source=local HTTP/1.1" 200 812 "http://localhost/mywebsite/wp-admin/post.php?post=11&action=elementor" "Mozilla/5.0 (Windows NT 10.0; Win64; x64) AppleWebKit/537.36 (KHTML, like Gecko) Chrome/107.0.0.0 Safari/537.36"
::1 - - [25/Apr/2023:11:02:13 +0200] "GET /mywebsite/wp-content/plugins/elementor/assets/images/no-search-results.svg HTTP/1.1" 200 5788 "http://localhost/mywebsite/wp-admin/post.php?post=11&action=elementor" "Mozilla/5.0 (Windows NT 10.0; Win64; x64) AppleWebKit/537.36 (KHTML, like Gecko) Chrome/107.0.0.0 Safari/537.36"
127.0.0.1 - - [25/Apr/2023:11:02:25 +0200] "POST /mywebsite/wp-cron.php?doing_wp_cron=1682413345.2105760574340820312500 HTTP/1.1" 200 - "-" "WordPress/6.2; http://localhost/mywebsite"
::1 - - [25/Apr/2023:11:02:24 +0200] "POST /mywebsite/wp-admin/admin-ajax.php HTTP/1.1" 200 77 "http://localhost/mywebsite/wp-admin/post.php?post=11&action=elementor" "Mozilla/5.0 (Windows NT 10.0; Win64; x64) AppleWebKit/537.36 (KHTML, like Gecko) Chrome/107.0.0.0 Safari/537.36"
::1 - - [25/Apr/2023:11:02:37 +0200] "GET /mywebsite/wp-json/elementor/v1/template-library/templates?source=local HTTP/1.1" 200 812 "http://localhost/mywebsite/wp-admin/post.php?post=11&action=elementor" "Mozilla/5.0 (Windows NT 10.0; Win64; x64) AppleWebKit/537.36 (KHTML, like Gecko) Chrome/107.0.0.0 Safari/537.36"
::1 - - [25/Apr/2023:11:02:39 +0200] "POST /mywebsite/wp-admin/admin-ajax.php HTTP/1.1" 200 77 "http://localhost/mywebsite/wp-admin/post.php?post=11&action=elementor" "Mozilla/5.0 (Windows NT 10.0; Win64; x64) AppleWebKit/537.36 (KHTML, like Gecko) Chrome/107.0.0.0 Safari/537.36"
::1 - - [25/Apr/2023:11:02:54 +0200] "POST /mywebsite/wp-admin/admin-ajax.php HTTP/1.1" 200 77 "http://localhost/mywebsite/wp-admin/post.php?post=11&action=elementor" "Mozilla/5.0 (Windows NT 10.0; Win64; x64) AppleWebKit/537.36 (KHTML, like Gecko) Chrome/107.0.0.0 Safari/537.36"
::1 - - [25/Apr/2023:11:03:09 +0200] "POST /mywebsite/wp-admin/admin-ajax.php HTTP/1.1" 200 77 "http://localhost/mywebsite/wp-admin/post.php?post=11&action=elementor" "Mozilla/5.0 (Windows NT 10.0; Win64; x64) AppleWebKit/537.36 (KHTML, like Gecko) Chrome/107.0.0.0 Safari/537.36"
::1 - - [25/Apr/2023:11:03:24 +0200] "GET /mywebsite/wp-json/elementor/v1/template-library/templates?source=local HTTP/1.1" 200 812 "http://localhost/mywebsite/wp-admin/post.php?post=11&action=elementor" "Mozilla/5.0 (Windows NT 10.0; Win64; x64) AppleWebKit/537.36 (KHTML, like Gecko) Chrome/107.0.0.0 Safari/537.36"
127.0.0.1 - - [25/Apr/2023:11:03:25 +0200] "POST /mywebsite/wp-cron.php?doing_wp_cron=1682413405.2478051185607910156250 HTTP/1.1" 200 - "-" "WordPress/6.2; http://localhost/mywebsite"
::1 - - [25/Apr/2023:11:03:24 +0200] "POST /mywebsite/wp-admin/admin-ajax.php HTTP/1.1" 200 77 "http://localhost/mywebsite/wp-admin/post.php?post=11&action=elementor" "Mozilla/5.0 (Windows NT 10.0; Win64; x64) AppleWebKit/537.36 (KHTML, like Gecko) Chrome/107.0.0.0 Safari/537.36"
::1 - - [25/Apr/2023:11:03:40 +0200] "POST /mywebsite/wp-admin/admin-ajax.php HTTP/1.1" 200 77 "http://localhost/mywebsite/wp-admin/post.php?post=11&action=elementor" "Mozilla/5.0 (Windows NT 10.0; Win64; x64) AppleWebKit/537.36 (KHTML, like Gecko) Chrome/107.0.0.0 Safari/537.36"
127.0.0.1 - - [25/Apr/2023:11:04:36 +0200] "POST /mywebsite/wp-cron.php?doing_wp_cron=1682413476.5170578956604003906250 HTTP/1.1" 200 - "-" "WordPress/6.2; http://localhost/mywebsite"
::1 - - [25/Apr/2023:11:04:35 +0200] "POST /mywebsite/wp-admin/admin-ajax.php HTTP/1.1" 200 77 "http://localhost/mywebsite/wp-admin/post.php?post=11&action=elementor" "Mozilla/5.0 (Windows NT 10.0; Win64; x64) AppleWebKit/537.36 (KHTML, like Gecko) Chrome/107.0.0.0 Safari/537.36"
::1 - - [25/Apr/2023:11:04:50 +0200] "POST /mywebsite/wp-admin/admin-ajax.php HTTP/1.1" 200 77 "http://localhost/mywebsite/wp-admin/post.php?post=11&action=elementor" "Mozilla/5.0 (Windows NT 10.0; Win64; x64) AppleWebKit/537.36 (KHTML, like Gecko) Chrome/107.0.0.0 Safari/537.36"
::1 - - [25/Apr/2023:11:05:05 +0200] "POST /mywebsite/wp-admin/admin-ajax.php HTTP/1.1" 200 77 "http://localhost/mywebsite/wp-admin/post.php?post=11&action=elementor" "Mozilla/5.0 (Windows NT 10.0; Win64; x64) AppleWebKit/537.36 (KHTML, like Gecko) Chrome/107.0.0.0 Safari/537.36"
::1 - - [25/Apr/2023:11:05:17 +0200] "POST /mywebsite/wp-admin/admin-ajax.php HTTP/1.1" 200 442 "http://localhost/mywebsite/wp-admin/post.php?post=11&action=elementor" "Mozilla/5.0 (Windows NT 10.0; Win64; x64) AppleWebKit/537.36 (KHTML, like Gecko) Chrome/107.0.0.0 Safari/537.36"
::1 - - [25/Apr/2023:11:05:17 +0200] "POST /mywebsite/wp-admin/admin-ajax.php HTTP/1.1" 200 560 "http://localhost/mywebsite/wp-admin/post.php?post=11&action=elementor" "Mozilla/5.0 (Windows NT 10.0; Win64; x64) AppleWebKit/537.36 (KHTML, like Gecko) Chrome/107.0.0.0 Safari/537.36"
::1 - - [25/Apr/2023:11:05:20 +0200] "POST /mywebsite/wp-admin/admin-ajax.php HTTP/1.1" 200 77 "http://localhost/mywebsite/wp-admin/post.php?post=11&action=elementor" "Mozilla/5.0 (Windows NT 10.0; Win64; x64) AppleWebKit/537.36 (KHTML, like Gecko) Chrome/107.0.0.0 Safari/537.36"
::1 - - [25/Apr/2023:11:05:35 +0200] "POST /mywebsite/wp-admin/admin-ajax.php HTTP/1.1" 200 560 "http://localhost/mywebsite/wp-admin/post.php?post=11&action=elementor" "Mozilla/5.0 (Windows NT 10.0; Win64; x64) AppleWebKit/537.36 (KHTML, like Gecko) Chrome/107.0.0.0 Safari/537.36"
127.0.0.1 - - [25/Apr/2023:11:05:36 +0200] "POST /mywebsite/wp-cron.php?doing_wp_cron=1682413536.1628720760345458984375 HTTP/1.1" 200 - "-" "WordPress/6.2; http://localhost/mywebsite"
::1 - - [25/Apr/2023:11:05:35 +0200] "POST /mywebsite/wp-admin/admin-ajax.php HTTP/1.1" 200 77 "http://localhost/mywebsite/wp-admin/post.php?post=11&action=elementor" "Mozilla/5.0 (Windows NT 10.0; Win64; x64) AppleWebKit/537.36 (KHTML, like Gecko) Chrome/107.0.0.0 Safari/537.36"
::1 - - [25/Apr/2023:11:05:50 +0200] "POST /mywebsite/wp-admin/admin-ajax.php HTTP/1.1" 200 77 "http://localhost/mywebsite/wp-admin/post.php?post=11&action=elementor" "Mozilla/5.0 (Windows NT 10.0; Win64; x64) AppleWebKit/537.36 (KHTML, like Gecko) Chrome/107.0.0.0 Safari/537.36"
::1 - - [25/Apr/2023:11:05:52 +0200] "GET /mywebsite/wp-content/plugins/elementor/assets/images/go-pro.svg HTTP/1.1" 304 - "http://localhost/mywebsite/wp-admin/post.php?post=11&action=elementor" "Mozilla/5.0 (Windows NT 10.0; Win64; x64) AppleWebKit/537.36 (KHTML, like Gecko) Chrome/107.0.0.0 Safari/537.36"
::1 - - [25/Apr/2023:11:06:06 +0200] "POST /mywebsite/wp-admin/admin-ajax.php HTTP/1.1" 200 77 "http://localhost/mywebsite/wp-admin/post.php?post=11&action=elementor" "Mozilla/5.0 (Windows NT 10.0; Win64; x64) AppleWebKit/537.36 (KHTML, like Gecko) Chrome/107.0.0.0 Safari/537.36"
::1 - - [25/Apr/2023:11:06:19 +0200] "POST /mywebsite/wp-admin/admin-ajax.php HTTP/1.1" 200 617 "http://localhost/mywebsite/wp-admin/post.php?post=11&action=elementor" "Mozilla/5.0 (Windows NT 10.0; Win64; x64) AppleWebKit/537.36 (KHTML, like Gecko) Chrome/107.0.0.0 Safari/537.36"
::1 - - [25/Apr/2023:11:06:21 +0200] "POST /mywebsite/wp-admin/admin-ajax.php HTTP/1.1" 200 414 "http://localhost/mywebsite/wp-admin/post.php?post=11&action=elementor" "Mozilla/5.0 (Windows NT 10.0; Win64; x64) AppleWebKit/537.36 (KHTML, like Gecko) Chrome/107.0.0.0 Safari/537.36"
127.0.0.1 - - [25/Apr/2023:11:06:46 +0200] "POST /mywebsite/wp-cron.php?doing_wp_cron=1682413606.6060900688171386718750 HTTP/1.1" 200 - "-" "WordPress/6.2; http://localhost/mywebsite"
::1 - - [25/Apr/2023:11:06:45 +0200] "POST /mywebsite/wp-admin/admin-ajax.php HTTP/1.1" 200 77 "http://localhost/mywebsite/wp-admin/post.php?post=11&action=elementor" "Mozilla/5.0 (Windows NT 10.0; Win64; x64) AppleWebKit/537.36 (KHTML, like Gecko) Chrome/107.0.0.0 Safari/537.36"
::1 - - [25/Apr/2023:11:06:52 +0200] "POST /phpmyadmin/index.php?route=/ HTTP/1.1" 200 1798 "-" "Mozilla/5.0 (Windows NT 10.0; Win64; x64) AppleWebKit/537.36 (KHTML, like Gecko) Chrome/111.0.0.0 Safari/537.36 OPR/97.0.0.0"
::1 - - [25/Apr/2023:11:06:54 +0200] "POST /phpmyadmin/index.php?route=/ HTTP/1.1" 200 1798 "-" "Mozilla/5.0 (Windows NT 10.0; Win64; x64) AppleWebKit/537.36 (KHTML, like Gecko) Chrome/111.0.0.0 Safari/537.36 OPR/97.0.0.0"
::1 - - [25/Apr/2023:11:07:01 +0200] "POST /mywebsite/wp-admin/admin-ajax.php HTTP/1.1" 200 77 "http://localhost/mywebsite/wp-admin/post.php?post=11&action=elementor" "Mozilla/5.0 (Windows NT 10.0; Win64; x64) AppleWebKit/537.36 (KHTML, like Gecko) Chrome/107.0.0.0 Safari/537.36"
127.0.0.1 - - [25/Apr/2023:11:09:02 +0200] "POST /mywebsite/wp-cron.php?doing_wp_cron=1682413742.9195868968963623046875 HTTP/1.1" 200 - "-" "WordPress/6.2; http://localhost/mywebsite"
::1 - - [25/Apr/2023:11:09:02 +0200] "POST /mywebsite/wp-admin/admin-ajax.php HTTP/1.1" 200 77 "http://localhost/mywebsite/wp-admin/post.php?post=11&action=elementor" "Mozilla/5.0 (Windows NT 10.0; Win64; x64) AppleWebKit/537.36 (KHTML, like Gecko) Chrome/107.0.0.0 Safari/537.36"
127.0.0.1 - - [25/Apr/2023:11:09:43 +0200] "POST /mywebsite/wp-cron.php?doing_wp_cron=1682413783.0436499118804931640625 HTTP/1.1" 200 - "-" "WordPress/6.2; http://localhost/mywebsite"
::1 - - [25/Apr/2023:11:09:42 +0200] "POST /mywebsite/wp-admin/admin-ajax.php HTTP/1.1" 200 77 "http://localhost/mywebsite/wp-admin/post.php?post=11&action=elementor" "Mozilla/5.0 (Windows NT 10.0; Win64; x64) AppleWebKit/537.36 (KHTML, like Gecko) Chrome/107.0.0.0 Safari/537.36"
::1 - - [25/Apr/2023:11:09:48 +0200] "GET /phpmyadmin/themes/pmahomme/img/s_unlink.png HTTP/1.1" 200 589 "http://localhost/phpmyadmin/themes/pmahomme/css/theme.css?v=5.2.1" "Mozilla/5.0 (Windows NT 10.0; Win64; x64) AppleWebKit/537.36 (KHTML, like Gecko) Chrome/111.0.0.0 Safari/537.36 OPR/97.0.0.0"
::1 - - [25/Apr/2023:11:09:57 +0200] "POST /mywebsite/wp-admin/admin-ajax.php HTTP/1.1" 200 77 "http://localhost/mywebsite/wp-admin/post.php?post=11&action=elementor" "Mozilla/5.0 (Windows NT 10.0; Win64; x64) AppleWebKit/537.36 (KHTML, like Gecko) Chrome/107.0.0.0 Safari/537.36"
::1 - - [25/Apr/2023:11:10:06 +0200] "GET /mywebsite/wp-content/plugins/elementor/assets/images/logo-panel.svg HTTP/1.1" 304 - "http://localhost/mywebsite/wp-admin/post.php?post=11&action=elementor" "Mozilla/5.0 (Windows NT 10.0; Win64; x64) AppleWebKit/537.36 (KHTML, like Gecko) Chrome/107.0.0.0 Safari/537.36"
::1 - - [25/Apr/2023:11:10:08 +0200] "GET /mywebsite/wp-content/plugins/elementor/assets/images/go-pro.svg HTTP/1.1" 304 - "http://localhost/mywebsite/wp-admin/post.php?post=11&action=elementor" "Mozilla/5.0 (Windows NT 10.0; Win64; x64) AppleWebKit/537.36 (KHTML, like Gecko) Chrome/107.0.0.0 Safari/537.36"
::1 - - [25/Apr/2023:11:10:12 +0200] "POST /mywebsite/wp-admin/admin-ajax.php HTTP/1.1" 200 77 "http://localhost/mywebsite/wp-admin/post.php?post=11&action=elementor" "Mozilla/5.0 (Windows NT 10.0; Win64; x64) AppleWebKit/537.36 (KHTML, like Gecko) Chrome/107.0.0.0 Safari/537.36"
127.0.0.1 - - [25/Apr/2023:11:10:57 +0200] "POST /mywebsite/wp-cron.php?doing_wp_cron=1682413857.8342630863189697265625 HTTP/1.1" 200 - "-" "WordPress/6.2; http://localhost/mywebsite"
::1 - - [25/Apr/2023:11:10:56 +0200] "POST /mywebsite/wp-admin/admin-ajax.php HTTP/1.1" 200 77 "http://localhost/mywebsite/wp-admin/post.php?post=11&action=elementor" "Mozilla/5.0 (Windows NT 10.0; Win64; x64) AppleWebKit/537.36 (KHTML, like Gecko) Chrome/107.0.0.0 Safari/537.36"
::1 - - [25/Apr/2023:11:11:05 +0200] "GET /mywebsite/wp-content/plugins/ocean-extra/includes/themepanel/assets/css/theme-panel-customizer.css?ver=6.2 HTTP/1.1" 304 - "http://localhost/mywebsite/wp-admin/about.php" "Mozilla/5.0 (Windows NT 10.0; Win64; x64) AppleWebKit/537.36 (KHTML, like Gecko) Chrome/107.0.0.0 Safari/537.36"
::1 - - [25/Apr/2023:11:11:05 +0200] "GET /mywebsite/wp-content/plugins/ocean-extra/includes/freemius/assets/css/admin/common.css?ver=6.2 HTTP/1.1" 304 - "http://localhost/mywebsite/wp-admin/about.php" "Mozilla/5.0 (Windows NT 10.0; Win64; x64) AppleWebKit/537.36 (KHTML, like Gecko) Chrome/107.0.0.0 Safari/537.36"
::1 - - [25/Apr/2023:11:11:04 +0200] "GET /mywebsite/wp-admin/about.php HTTP/1.1" 200 81351 "http://localhost/mywebsite/" "Mozilla/5.0 (Windows NT 10.0; Win64; x64) AppleWebKit/537.36 (KHTML, like Gecko) Chrome/107.0.0.0 Safari/537.36"
::1 - - [25/Apr/2023:11:11:05 +0200] "GET /mywebsite/wp-content/plugins/elementor/assets/css/admin-top-bar.min.css?ver=3.12.2 HTTP/1.1" 304 - "http://localhost/mywebsite/wp-admin/about.php" "Mozilla/5.0 (Windows NT 10.0; Win64; x64) AppleWebKit/537.36 (KHTML, like Gecko) Chrome/107.0.0.0 Safari/537.36"
::1 - - [25/Apr/2023:11:11:05 +0200] "GET /mywebsite/wp-content/plugins/elementor/assets/lib/eicons/css/elementor-icons.min.css?ver=5.18.0 HTTP/1.1" 304 - "http://localhost/mywebsite/wp-admin/about.php" "Mozilla/5.0 (Windows NT 10.0; Win64; x64) AppleWebKit/537.36 (KHTML, like Gecko) Chrome/107.0.0.0 Safari/537.36"
::1 - - [25/Apr/2023:11:11:05 +0200] "GET /mywebsite/wp-content/plugins/elementor/assets/css/common.min.css?ver=3.12.2 HTTP/1.1" 304 - "http://localhost/mywebsite/wp-admin/about.php" "Mozilla/5.0 (Windows NT 10.0; Win64; x64) AppleWebKit/537.36 (KHTML, like Gecko) Chrome/107.0.0.0 Safari/537.36"
::1 - - [25/Apr/2023:11:11:05 +0200] "GET /mywebsite/wp-content/plugins/elementor/assets/css/theme-light.min.css?ver=3.12.2 HTTP/1.1" 304 - "http://localhost/mywebsite/wp-admin/about.php" "Mozilla/5.0 (Windows NT 10.0; Win64; x64) AppleWebKit/537.36 (KHTML, like Gecko) Chrome/107.0.0.0 Safari/537.36"
::1 - - [25/Apr/2023:11:11:05 +0200] "GET /mywebsite/wp-content/plugins/elementor/assets/css/admin.min.css?ver=3.12.2 HTTP/1.1" 304 - "http://localhost/mywebsite/wp-admin/about.php" "Mozilla/5.0 (Windows NT 10.0; Win64; x64) AppleWebKit/537.36 (KHTML, like Gecko) Chrome/107.0.0.0 Safari/537.36"
::1 - - [25/Apr/2023:11:11:05 +0200] "GET /mywebsite/wp-content/plugins/ocean-extra/includes/admin-bar/assets/css/admin-bar.css?ver=3.4.3 HTTP/1.1" 304 - "http://localhost/mywebsite/wp-admin/about.php" "Mozilla/5.0 (Windows NT 10.0; Win64; x64) AppleWebKit/537.36 (KHTML, like Gecko) Chrome/107.0.0.0 Safari/537.36"
::1 - - [25/Apr/2023:11:11:05 +0200] "GET /mywebsite/wp-content/plugins/wpforms-lite/assets/css/admin-bar.min.css?ver=1.8.1.2 HTTP/1.1" 304 - "http://localhost/mywebsite/wp-admin/about.php" "Mozilla/5.0 (Windows NT 10.0; Win64; x64) AppleWebKit/537.36 (KHTML, like Gecko) Chrome/107.0.0.0 Safari/537.36"
::1 - - [25/Apr/2023:11:11:06 +0200] "GET /mywebsite/wp-content/plugins/elementor/assets/lib/backbone/backbone.marionette.min.js?ver=2.4.5.e1 HTTP/1.1" 304 - "http://localhost/mywebsite/wp-admin/about.php" "Mozilla/5.0 (Windows NT 10.0; Win64; x64) AppleWebKit/537.36 (KHTML, like Gecko) Chrome/107.0.0.0 Safari/537.36"
::1 - - [25/Apr/2023:11:11:06 +0200] "GET /mywebsite/wp-content/plugins/elementor/assets/lib/backbone/backbone.radio.min.js?ver=1.0.4 HTTP/1.1" 304 - "http://localhost/mywebsite/wp-admin/about.php" "Mozilla/5.0 (Windows NT 10.0; Win64; x64) AppleWebKit/537.36 (KHTML, like Gecko) Chrome/107.0.0.0 Safari/537.36"
::1 - - [25/Apr/2023:11:11:06 +0200] "GET /mywebsite/wp-content/plugins/elementor/assets/js/common-modules.min.js?ver=3.12.2 HTTP/1.1" 304 - "http://localhost/mywebsite/wp-admin/about.php" "Mozilla/5.0 (Windows NT 10.0; Win64; x64) AppleWebKit/537.36 (KHTML, like Gecko) Chrome/107.0.0.0 Safari/537.36"
::1 - - [25/Apr/2023:11:11:06 +0200] "GET /mywebsite/wp-content/plugins/elementor/assets/js/web-cli.min.js?ver=3.12.2 HTTP/1.1" 304 - "http://localhost/mywebsite/wp-admin/about.php" "Mozilla/5.0 (Windows NT 10.0; Win64; x64) AppleWebKit/537.36 (KHTML, like Gecko) Chrome/107.0.0.0 Safari/537.36"
::1 - - [25/Apr/2023:11:11:06 +0200] "GET /mywebsite/wp-content/plugins/elementor/assets/lib/dialog/dialog.min.js?ver=4.9.0 HTTP/1.1" 304 - "http://localhost/mywebsite/wp-admin/about.php" "Mozilla/5.0 (Windows NT 10.0; Win64; x64) AppleWebKit/537.36 (KHTML, like Gecko) Chrome/107.0.0.0 Safari/537.36"
::1 - - [25/Apr/2023:11:11:06 +0200] "GET /mywebsite/wp-content/plugins/elementor/assets/js/dev-tools.min.js?ver=3.12.2 HTTP/1.1" 304 - "http://localhost/mywebsite/wp-admin/about.php" "Mozilla/5.0 (Windows NT 10.0; Win64; x64) AppleWebKit/537.36 (KHTML, like Gecko) Chrome/107.0.0.0 Safari/537.36"
::1 - - [25/Apr/2023:11:11:06 +0200] "GET /mywebsite/wp-content/plugins/elementor/assets/js/common.min.js?ver=3.12.2 HTTP/1.1" 304 - "http://localhost/mywebsite/wp-admin/about.php" "Mozilla/5.0 (Windows NT 10.0; Win64; x64) AppleWebKit/537.36 (KHTML, like Gecko) Chrome/107.0.0.0 Safari/537.36"
::1 - - [25/Apr/2023:11:11:06 +0200] "GET /mywebsite/wp-content/plugins/elementor/assets/lib/tipsy/tipsy.min.js?ver=1.0.0 HTTP/1.1" 304 - "http://localhost/mywebsite/wp-admin/about.php" "Mozilla/5.0 (Windows NT 10.0; Win64; x64) AppleWebKit/537.36 (KHTML, like Gecko) Chrome/107.0.0.0 Safari/537.36"
::1 - - [25/Apr/2023:11:11:06 +0200] "GET /mywebsite/wp-content/plugins/elementor/assets/js/admin-top-bar.min.js?ver=3.12.2 HTTP/1.1" 304 - "http://localhost/mywebsite/wp-admin/about.php" "Mozilla/5.0 (Windows NT 10.0; Win64; x64) AppleWebKit/537.36 (KHTML, like Gecko) Chrome/107.0.0.0 Safari/537.36"
::1 - - [25/Apr/2023:11:11:06 +0200] "GET /mywebsite/wp-content/plugins/elementor/assets/js/import-export-admin.min.js?ver=3.12.2 HTTP/1.1" 304 - "http://localhost/mywebsite/wp-admin/about.php" "Mozilla/5.0 (Windows NT 10.0; Win64; x64) AppleWebKit/537.36 (KHTML, like Gecko) Chrome/107.0.0.0 Safari/537.36"
::1 - - [25/Apr/2023:11:11:06 +0200] "GET /mywebsite/wp-content/plugins/elementor/assets/js/app-loader.min.js?ver=3.12.2 HTTP/1.1" 304 - "http://localhost/mywebsite/wp-admin/about.php" "Mozilla/5.0 (Windows NT 10.0; Win64; x64) AppleWebKit/537.36 (KHTML, like Gecko) Chrome/107.0.0.0 Safari/537.36"
::1 - - [25/Apr/2023:11:11:06 +0200] "GET /mywebsite/wp-content/plugins/elementor/assets/js/admin-modules.min.js?ver=3.12.2 HTTP/1.1" 304 - "http://localhost/mywebsite/wp-admin/about.php" "Mozilla/5.0 (Windows NT 10.0; Win64; x64) AppleWebKit/537.36 (KHTML, like Gecko) Chrome/107.0.0.0 Safari/537.36"
::1 - - [25/Apr/2023:11:11:06 +0200] "GET /mywebsite/wp-content/plugins/elementor/assets/js/admin.min.js?ver=3.12.2 HTTP/1.1" 304 - "http://localhost/mywebsite/wp-admin/about.php" "Mozilla/5.0 (Windows NT 10.0; Win64; x64) AppleWebKit/537.36 (KHTML, like Gecko) Chrome/107.0.0.0 Safari/537.36"
::1 - - [25/Apr/2023:11:11:06 +0200] "GET /mywebsite/wp-content/themes/oceanwp/inc/themepanel/assets/js/admin.js?ver=3.4.3 HTTP/1.1" 304 - "http://localhost/mywebsite/wp-admin/about.php" "Mozilla/5.0 (Windows NT 10.0; Win64; x64) AppleWebKit/537.36 (KHTML, like Gecko) Chrome/107.0.0.0 Safari/537.36"
::1 - - [25/Apr/2023:11:11:06 +0200] "GET /mywebsite/wp-content/themes/oceanwp/inc/themepanel/assets/images/themepanel-icon.svg HTTP/1.1" 304 - "http://localhost/mywebsite/wp-admin/about.php" "Mozilla/5.0 (Windows NT 10.0; Win64; x64) AppleWebKit/537.36 (KHTML, like Gecko) Chrome/107.0.0.0 Safari/537.36"
::1 - - [25/Apr/2023:11:11:06 +0200] "GET /mywebsite/wp-admin/images/about-header-about.svg?ver=6.2 HTTP/1.1" 200 4741 "http://localhost/mywebsite/wp-admin/load-styles.php?c=1&dir=ltr&load%5Bchunk_0%5D=dashicons,admin-bar,common,forms,admin-menu,dashboard,list-tables,edit,revisions,media,themes,about,nav-menus,wp-pointer,widgets&load%5Bchunk_1%5D=,site-icon,l10n,buttons,wp-auth-check&ver=6.2" "Mozilla/5.0 (Windows NT 10.0; Win64; x64) AppleWebKit/537.36 (KHTML, like Gecko) Chrome/107.0.0.0 Safari/537.36"
::1 - - [25/Apr/2023:11:11:06 +0200] "GET /mywebsite/wp-content/plugins/elementor/assets/lib/eicons/fonts/eicons.woff2?5.18.0 HTTP/1.1" 304 - "http://localhost/mywebsite/wp-content/plugins/elementor/assets/lib/eicons/css/elementor-icons.min.css?ver=5.18.0" "Mozilla/5.0 (Windows NT 10.0; Win64; x64) AppleWebKit/537.36 (KHTML, like Gecko) Chrome/107.0.0.0 Safari/537.36"
::1 - - [25/Apr/2023:11:11:07 +0200] "POST /mywebsite/wp-admin/admin-ajax.php HTTP/1.1" 200 17 "http://localhost/mywebsite/wp-admin/about.php" "Mozilla/5.0 (Windows NT 10.0; Win64; x64) AppleWebKit/537.36 (KHTML, like Gecko) Chrome/107.0.0.0 Safari/537.36"
::1 - - [25/Apr/2023:11:11:12 +0200] "GET /mywebsite/wp-content/plugins/wpforms-lite/assets/lite/css/admin/edit-post-education.min.css?ver=1.8.1.2 HTTP/1.1" 304 - "http://localhost/mywebsite/wp-admin/edit.php?post_type=page" "Mozilla/5.0 (Windows NT 10.0; Win64; x64) AppleWebKit/537.36 (KHTML, like Gecko) Chrome/107.0.0.0 Safari/537.36"
::1 - - [25/Apr/2023:11:11:11 +0200] "GET /mywebsite/wp-admin/edit.php?post_type=page HTTP/1.1" 200 114359 "http://localhost/mywebsite/wp-admin/about.php" "Mozilla/5.0 (Windows NT 10.0; Win64; x64) AppleWebKit/537.36 (KHTML, like Gecko) Chrome/107.0.0.0 Safari/537.36"
::1 - - [25/Apr/2023:11:11:13 +0200] "GET /mywebsite/wp-content/plugins/wpforms-lite/assets/lite/js/admin/education/lite-connect.min.js?ver=1.8.1.2 HTTP/1.1" 304 - "http://localhost/mywebsite/wp-admin/edit.php?post_type=page" "Mozilla/5.0 (Windows NT 10.0; Win64; x64) AppleWebKit/537.36 (KHTML, like Gecko) Chrome/107.0.0.0 Safari/537.36"
::1 - - [25/Apr/2023:11:11:13 +0200] "GET /mywebsite/wp-content/plugins/wpforms-lite/assets/lite/js/admin/edit-post-education.es5.min.js?ver=1.8.1.2 HTTP/1.1" 304 - "http://localhost/mywebsite/wp-admin/edit.php?post_type=page" "Mozilla/5.0 (Windows NT 10.0; Win64; x64) AppleWebKit/537.36 (KHTML, like Gecko) Chrome/107.0.0.0 Safari/537.36"
::1 - - [25/Apr/2023:11:11:12 +0200] "POST /mywebsite/wp-admin/admin-ajax.php HTTP/1.1" 200 77 "http://localhost/mywebsite/wp-admin/post.php?post=11&action=elementor" "Mozilla/5.0 (Windows NT 10.0; Win64; x64) AppleWebKit/537.36 (KHTML, like Gecko) Chrome/107.0.0.0 Safari/537.36"
::1 - - [25/Apr/2023:11:11:13 +0200] "POST /mywebsite/wp-admin/admin-ajax.php HTTP/1.1" 200 47 "http://localhost/mywebsite/wp-admin/edit.php?post_type=page" "Mozilla/5.0 (Windows NT 10.0; Win64; x64) AppleWebKit/537.36 (KHTML, like Gecko) Chrome/107.0.0.0 Safari/537.36"
::1 - - [25/Apr/2023:11:11:14 +0200] "POST /mywebsite/wp-admin/admin-ajax.php HTTP/1.1" 200 17 "http://localhost/mywebsite/wp-admin/edit.php?post_type=page" "Mozilla/5.0 (Windows NT 10.0; Win64; x64) AppleWebKit/537.36 (KHTML, like Gecko) Chrome/107.0.0.0 Safari/537.36"
127.0.0.1 - - [25/Apr/2023:11:11:29 +0200] "POST /mywebsite/wp-cron.php?doing_wp_cron=1682413889.0601959228515625000000 HTTP/1.1" 200 - "-" "WordPress/6.2; http://localhost/mywebsite"
::1 - - [25/Apr/2023:11:11:28 +0200] "POST /mywebsite/wp-admin/admin-ajax.php HTTP/1.1" 200 47 "http://localhost/mywebsite/wp-admin/edit.php?post_type=page" "Mozilla/5.0 (Windows NT 10.0; Win64; x64) AppleWebKit/537.36 (KHTML, like Gecko) Chrome/107.0.0.0 Safari/537.36"
::1 - - [25/Apr/2023:11:11:43 +0200] "GET /phpmyadmin/index.php?route=/database/structure&db=mywordpressdb HTTP/1.1" 200 19279 "-" "Mozilla/5.0 (Windows NT 10.0; Win64; x64) AppleWebKit/537.36 (KHTML, like Gecko) Chrome/111.0.0.0 Safari/537.36 OPR/97.0.0.0"
::1 - - [25/Apr/2023:11:11:44 +0200] "GET /phpmyadmin/js/messages.php?l=ru&v=5.2.1 HTTP/1.1" 200 12854 "-" "Mozilla/5.0 (Windows NT 10.0; Win64; x64) AppleWebKit/537.36 (KHTML, like Gecko) Chrome/111.0.0.0 Safari/537.36 OPR/97.0.0.0"
::1 - - [25/Apr/2023:11:11:45 +0200] "GET /phpmyadmin/themes/pmahomme/img/b_no_favorite.png HTTP/1.1" 200 377 "http://localhost/phpmyadmin/themes/pmahomme/css/theme.css?v=5.2.1" "Mozilla/5.0 (Windows NT 10.0; Win64; x64) AppleWebKit/537.36 (KHTML, like Gecko) Chrome/111.0.0.0 Safari/537.36 OPR/97.0.0.0"
::1 - - [25/Apr/2023:11:11:45 +0200] "GET /phpmyadmin/themes/pmahomme/img/b_browse.png HTTP/1.1" 200 486 "http://localhost/phpmyadmin/themes/pmahomme/css/theme.css?v=5.2.1" "Mozilla/5.0 (Windows NT 10.0; Win64; x64) AppleWebKit/537.36 (KHTML, like Gecko) Chrome/111.0.0.0 Safari/537.36 OPR/97.0.0.0"
::1 - - [25/Apr/2023:11:11:45 +0200] "GET /phpmyadmin/themes/pmahomme/img/b_select.png HTTP/1.1" 200 593 "http://localhost/phpmyadmin/themes/pmahomme/css/theme.css?v=5.2.1" "Mozilla/5.0 (Windows NT 10.0; Win64; x64) AppleWebKit/537.36 (KHTML, like Gecko) Chrome/111.0.0.0 Safari/537.36 OPR/97.0.0.0"
::1 - - [25/Apr/2023:11:11:45 +0200] "GET /phpmyadmin/themes/pmahomme/img/b_insrow.png HTTP/1.1" 200 157 "http://localhost/phpmyadmin/themes/pmahomme/css/theme.css?v=5.2.1" "Mozilla/5.0 (Windows NT 10.0; Win64; x64) AppleWebKit/537.36 (KHTML, like Gecko) Chrome/111.0.0.0 Safari/537.36 OPR/97.0.0.0"
::1 - - [25/Apr/2023:11:11:45 +0200] "GET /phpmyadmin/themes/pmahomme/img/b_empty.png HTTP/1.1" 200 521 "http://localhost/phpmyadmin/themes/pmahomme/css/theme.css?v=5.2.1" "Mozilla/5.0 (Windows NT 10.0; Win64; x64) AppleWebKit/537.36 (KHTML, like Gecko) Chrome/111.0.0.0 Safari/537.36 OPR/97.0.0.0"
::1 - - [25/Apr/2023:11:11:45 +0200] "GET /phpmyadmin/themes/pmahomme/img/b_drop.png HTTP/1.1" 200 637 "http://localhost/phpmyadmin/themes/pmahomme/css/theme.css?v=5.2.1" "Mozilla/5.0 (Windows NT 10.0; Win64; x64) AppleWebKit/537.36 (KHTML, like Gecko) Chrome/111.0.0.0 Safari/537.36 OPR/97.0.0.0"
::1 - - [25/Apr/2023:11:11:45 +0200] "GET /phpmyadmin/themes/pmahomme/img/bd_browse.png HTTP/1.1" 200 271 "http://localhost/phpmyadmin/themes/pmahomme/css/theme.css?v=5.2.1" "Mozilla/5.0 (Windows NT 10.0; Win64; x64) AppleWebKit/537.36 (KHTML, like Gecko) Chrome/111.0.0.0 Safari/537.36 OPR/97.0.0.0"
::1 - - [25/Apr/2023:11:11:45 +0200] "GET /phpmyadmin/themes/pmahomme/img/bd_empty.png HTTP/1.1" 200 327 "http://localhost/phpmyadmin/themes/pmahomme/css/theme.css?v=5.2.1" "Mozilla/5.0 (Windows NT 10.0; Win64; x64) AppleWebKit/537.36 (KHTML, like Gecko) Chrome/111.0.0.0 Safari/537.36 OPR/97.0.0.0"
::1 - - [25/Apr/2023:11:11:45 +0200] "GET /phpmyadmin/themes/pmahomme/img/bd_select.png HTTP/1.1" 200 325 "http://localhost/phpmyadmin/themes/pmahomme/css/theme.css?v=5.2.1" "Mozilla/5.0 (Windows NT 10.0; Win64; x64) AppleWebKit/537.36 (KHTML, like Gecko) Chrome/111.0.0.0 Safari/537.36 OPR/97.0.0.0"
::1 - - [25/Apr/2023:11:11:45 +0200] "GET /phpmyadmin/themes/pmahomme/img/b_print.png HTTP/1.1" 200 639 "http://localhost/phpmyadmin/themes/pmahomme/css/theme.css?v=5.2.1" "Mozilla/5.0 (Windows NT 10.0; Win64; x64) AppleWebKit/537.36 (KHTML, like Gecko) Chrome/111.0.0.0 Safari/537.36 OPR/97.0.0.0"
::1 - - [25/Apr/2023:11:11:45 +0200] "GET /phpmyadmin/themes/pmahomme/img/b_tblanalyse.png HTTP/1.1" 200 152 "http://localhost/phpmyadmin/themes/pmahomme/css/theme.css?v=5.2.1" "Mozilla/5.0 (Windows NT 10.0; Win64; x64) AppleWebKit/537.36 (KHTML, like Gecko) Chrome/111.0.0.0 Safari/537.36 OPR/97.0.0.0"
::1 - - [25/Apr/2023:11:11:44 +0200] "POST /mywebsite/wp-admin/admin-ajax.php HTTP/1.1" 200 47 "http://localhost/mywebsite/wp-admin/edit.php?post_type=page" "Mozilla/5.0 (Windows NT 10.0; Win64; x64) AppleWebKit/537.36 (KHTML, like Gecko) Chrome/107.0.0.0 Safari/537.36"
::1 - - [25/Apr/2023:11:11:45 +0200] "POST /phpmyadmin/index.php?route=/config/get HTTP/1.1" 200 1632 "-" "Mozilla/5.0 (Windows NT 10.0; Win64; x64) AppleWebKit/537.36 (KHTML, like Gecko) Chrome/111.0.0.0 Safari/537.36 OPR/97.0.0.0"
::1 - - [25/Apr/2023:11:11:45 +0200] "POST /phpmyadmin/index.php?route=/navigation&ajax_request=1 HTTP/1.1" 200 3863 "-" "Mozilla/5.0 (Windows NT 10.0; Win64; x64) AppleWebKit/537.36 (KHTML, like Gecko) Chrome/111.0.0.0 Safari/537.36 OPR/97.0.0.0"
::1 - - [25/Apr/2023:11:11:45 +0200] "POST /phpmyadmin/index.php?route=/config/get HTTP/1.1" 200 1725 "-" "Mozilla/5.0 (Windows NT 10.0; Win64; x64) AppleWebKit/537.36 (KHTML, like Gecko) Chrome/111.0.0.0 Safari/537.36 OPR/97.0.0.0"
::1 - - [25/Apr/2023:11:11:46 +0200] "POST /phpmyadmin/index.php?route=/config/set HTTP/1.1" 200 1623 "-" "Mozilla/5.0 (Windows NT 10.0; Win64; x64) AppleWebKit/537.36 (KHTML, like Gecko) Chrome/111.0.0.0 Safari/537.36 OPR/97.0.0.0"
::1 - - [25/Apr/2023:11:11:54 +0200] "GET /phpmyadmin/themes/pmahomme/img/hide.png HTTP/1.1" 200 284 "http://localhost/phpmyadmin/themes/pmahomme/css/theme.css?v=5.2.1" "Mozilla/5.0 (Windows NT 10.0; Win64; x64) AppleWebKit/537.36 (KHTML, like Gecko) Chrome/111.0.0.0 Safari/537.36 OPR/97.0.0.0"
::1 - - [25/Apr/2023:11:12:06 +0200] "POST /phpmyadmin/index.php?route=/navigation&ajax_request=1 HTTP/1.1" 200 2345 "-" "Mozilla/5.0 (Windows NT 10.0; Win64; x64) AppleWebKit/537.36 (KHTML, like Gecko) Chrome/111.0.0.0 Safari/537.36 OPR/97.0.0.0"
::1 - - [25/Apr/2023:11:12:06 +0200] "GET /phpmyadmin/themes/pmahomme/img/b_index.png HTTP/1.1" 200 643 "http://localhost/phpmyadmin/themes/pmahomme/css/theme.css?v=5.2.1" "Mozilla/5.0 (Windows NT 10.0; Win64; x64) AppleWebKit/537.36 (KHTML, like Gecko) Chrome/111.0.0.0 Safari/537.36 OPR/97.0.0.0"
::1 - - [25/Apr/2023:11:12:06 +0200] "GET /phpmyadmin/themes/pmahomme/img/pause.png HTTP/1.1" 200 255 "http://localhost/phpmyadmin/themes/pmahomme/css/theme.css?v=5.2.1" "Mozilla/5.0 (Windows NT 10.0; Win64; x64) AppleWebKit/537.36 (KHTML, like Gecko) Chrome/111.0.0.0 Safari/537.36 OPR/97.0.0.0"
::1 - - [25/Apr/2023:11:12:14 +0200] "POST /phpmyadmin/index.php?route=/navigation&ajax_request=1 HTTP/1.1" 200 2378 "-" "Mozilla/5.0 (Windows NT 10.0; Win64; x64) AppleWebKit/537.36 (KHTML, like Gecko) Chrome/111.0.0.0 Safari/537.36 OPR/97.0.0.0"
::1 - - [25/Apr/2023:11:12:17 +0200] "POST /phpmyadmin/index.php?route=/navigation&ajax_request=1 HTTP/1.1" 200 2376 "-" "Mozilla/5.0 (Windows NT 10.0; Win64; x64) AppleWebKit/537.36 (KHTML, like Gecko) Chrome/111.0.0.0 Safari/537.36 OPR/97.0.0.0"
::1 - - [25/Apr/2023:11:12:39 +0200] "GET /phpmyadmin/index.php?route=/sql&pos=0&db=mywordpressdb&table=wp_users&ajax_request=true&ajax_page_request=true&_nocache=1682413959451717053&token=745b2f4652782a58353e786248485d71 HTTP/1.1" 200 9575 "-" "Mozilla/5.0 (Windows NT 10.0; Win64; x64) AppleWebKit/537.36 (KHTML, like Gecko) Chrome/111.0.0.0 Safari/537.36 OPR/97.0.0.0"
::1 - - [25/Apr/2023:11:12:40 +0200] "GET /phpmyadmin/themes/pmahomme/img/s_tbl.png HTTP/1.1" 200 645 "http://localhost/phpmyadmin/themes/pmahomme/css/theme.css?v=5.2.1" "Mozilla/5.0 (Windows NT 10.0; Win64; x64) AppleWebKit/537.36 (KHTML, like Gecko) Chrome/111.0.0.0 Safari/537.36 OPR/97.0.0.0"
::1 - - [25/Apr/2023:11:12:40 +0200] "GET /phpmyadmin/themes/pmahomme/img/b_tblimport.png HTTP/1.1" 200 556 "http://localhost/phpmyadmin/themes/pmahomme/css/theme.css?v=5.2.1" "Mozilla/5.0 (Windows NT 10.0; Win64; x64) AppleWebKit/537.36 (KHTML, like Gecko) Chrome/111.0.0.0 Safari/537.36 OPR/97.0.0.0"
::1 - - [25/Apr/2023:11:12:40 +0200] "GET /phpmyadmin/themes/pmahomme/img/b_chart.png HTTP/1.1" 200 449 "http://localhost/phpmyadmin/themes/pmahomme/css/theme.css?v=5.2.1" "Mozilla/5.0 (Windows NT 10.0; Win64; x64) AppleWebKit/537.36 (KHTML, like Gecko) Chrome/111.0.0.0 Safari/537.36 OPR/97.0.0.0"
::1 - - [25/Apr/2023:11:12:40 +0200] "GET /phpmyadmin/themes/pmahomme/img/b_edit.png HTTP/1.1" 200 377 "http://localhost/phpmyadmin/themes/pmahomme/css/theme.css?v=5.2.1" "Mozilla/5.0 (Windows NT 10.0; Win64; x64) AppleWebKit/537.36 (KHTML, like Gecko) Chrome/111.0.0.0 Safari/537.36 OPR/97.0.0.0"
::1 - - [25/Apr/2023:11:12:40 +0200] "GET /phpmyadmin/themes/pmahomme/img/b_view_add.png HTTP/1.1" 200 678 "http://localhost/phpmyadmin/themes/pmahomme/css/theme.css?v=5.2.1" "Mozilla/5.0 (Windows NT 10.0; Win64; x64) AppleWebKit/537.36 (KHTML, like Gecko) Chrome/111.0.0.0 Safari/537.36 OPR/97.0.0.0"
::1 - - [25/Apr/2023:11:12:40 +0200] "GET /phpmyadmin/themes/pmahomme/img/b_bookmark.png HTTP/1.1" 200 637 "http://localhost/phpmyadmin/themes/pmahomme/css/theme.css?v=5.2.1" "Mozilla/5.0 (Windows NT 10.0; Win64; x64) AppleWebKit/537.36 (KHTML, like Gecko) Chrome/111.0.0.0 Safari/537.36 OPR/97.0.0.0"
::1 - - [25/Apr/2023:11:12:40 +0200] "GET /phpmyadmin/js/vendor/jquery/jquery.uitablefilter.js?v=5.2.1 HTTP/1.1" 200 3139 "-" "Mozilla/5.0 (Windows NT 10.0; Win64; x64) AppleWebKit/537.36 (KHTML, like Gecko) Chrome/111.0.0.0 Safari/537.36 OPR/97.0.0.0"
::1 - - [25/Apr/2023:11:12:40 +0200] "GET /phpmyadmin/themes/pmahomme/img/s_fulltext.png HTTP/1.1" 200 176 "-" "Mozilla/5.0 (Windows NT 10.0; Win64; x64) AppleWebKit/537.36 (KHTML, like Gecko) Chrome/111.0.0.0 Safari/537.36 OPR/97.0.0.0"
::1 - - [25/Apr/2023:11:12:40 +0200] "GET /phpmyadmin/js/dist/gis_data_editor.js?v=5.2.1 HTTP/1.1" 200 13582 "-" "Mozilla/5.0 (Windows NT 10.0; Win64; x64) AppleWebKit/537.36 (KHTML, like Gecko) Chrome/111.0.0.0 Safari/537.36 OPR/97.0.0.0"
::1 - - [25/Apr/2023:11:12:40 +0200] "GET /phpmyadmin/js/dist/multi_column_sort.js?v=5.2.1 HTTP/1.1" 200 1281 "-" "Mozilla/5.0 (Windows NT 10.0; Win64; x64) AppleWebKit/537.36 (KHTML, like Gecko) Chrome/111.0.0.0 Safari/537.36 OPR/97.0.0.0"
::1 - - [25/Apr/2023:11:12:40 +0200] "GET /phpmyadmin/js/dist/sql.js?v=5.2.1 HTTP/1.1" 200 35541 "-" "Mozilla/5.0 (Windows NT 10.0; Win64; x64) AppleWebKit/537.36 (KHTML, like Gecko) Chrome/111.0.0.0 Safari/537.36 OPR/97.0.0.0"
::1 - - [25/Apr/2023:11:12:40 +0200] "GET /phpmyadmin/js/dist/makegrid.js?v=5.2.1 HTTP/1.1" 200 81012 "-" "Mozilla/5.0 (Windows NT 10.0; Win64; x64) AppleWebKit/537.36 (KHTML, like Gecko) Chrome/111.0.0.0 Safari/537.36 OPR/97.0.0.0"
::1 - - [25/Apr/2023:11:12:40 +0200] "GET /phpmyadmin/themes/pmahomme/img/col_drop.png HTTP/1.1" 200 111 "http://localhost/phpmyadmin/themes/pmahomme/css/theme.css?v=5.2.1" "Mozilla/5.0 (Windows NT 10.0; Win64; x64) AppleWebKit/537.36 (KHTML, like Gecko) Chrome/111.0.0.0 Safari/537.36 OPR/97.0.0.0"
::1 - - [25/Apr/2023:11:12:40 +0200] "GET /phpmyadmin/themes/pmahomme/img/col_pointer.png HTTP/1.1" 200 102 "http://localhost/phpmyadmin/themes/pmahomme/css/theme.css?v=5.2.1" "Mozilla/5.0 (Windows NT 10.0; Win64; x64) AppleWebKit/537.36 (KHTML, like Gecko) Chrome/111.0.0.0 Safari/537.36 OPR/97.0.0.0"
::1 - - [25/Apr/2023:11:12:40 +0200] "GET /phpmyadmin/index.php?route=/recent-table&ajax_request=1&recent_table=1&no_debug=true&_nocache=1682413960427498664&token=745b2f4652782a58353e786248485d71 HTTP/1.1" 200 1687 "-" "Mozilla/5.0 (Windows NT 10.0; Win64; x64) AppleWebKit/537.36 (KHTML, like Gecko) Chrome/111.0.0.0 Safari/537.36 OPR/97.0.0.0"
::1 - - [25/Apr/2023:11:12:52 +0200] "POST /phpmyadmin/index.php HTTP/1.1" 200 9468 "-" "Mozilla/5.0 (Windows NT 10.0; Win64; x64) AppleWebKit/537.36 (KHTML, like Gecko) Chrome/111.0.0.0 Safari/537.36 OPR/97.0.0.0"
::1 - - [25/Apr/2023:11:12:52 +0200] "GET /phpmyadmin/js/vendor/jquery/additional-methods.js?v=5.2.1 HTTP/1.1" 200 51466 "-" "Mozilla/5.0 (Windows NT 10.0; Win64; x64) AppleWebKit/537.36 (KHTML, like Gecko) Chrome/111.0.0.0 Safari/537.36 OPR/97.0.0.0"
::1 - - [25/Apr/2023:11:12:52 +0200] "GET /phpmyadmin/themes/pmahomme/img/b_calendar.png HTTP/1.1" 200 595 "-" "Mozilla/5.0 (Windows NT 10.0; Win64; x64) AppleWebKit/537.36 (KHTML, like Gecko) Chrome/111.0.0.0 Safari/537.36 OPR/97.0.0.0"
::1 - - [25/Apr/2023:11:12:52 +0200] "POST /phpmyadmin/index.php?route=/navigation&ajax_request=1 HTTP/1.1" 200 3894 "-" "Mozilla/5.0 (Windows NT 10.0; Win64; x64) AppleWebKit/537.36 (KHTML, like Gecko) Chrome/111.0.0.0 Safari/537.36 OPR/97.0.0.0"
::1 - - [25/Apr/2023:11:12:52 +0200] "GET /phpmyadmin/index.php?route=/recent-table&ajax_request=1&recent_table=1&no_debug=true&_nocache=1682413972598262319&token=745b2f4652782a58353e786248485d71 HTTP/1.1" 200 1687 "-" "Mozilla/5.0 (Windows NT 10.0; Win64; x64) AppleWebKit/537.36 (KHTML, like Gecko) Chrome/111.0.0.0 Safari/537.36 OPR/97.0.0.0"
::1 - - [25/Apr/2023:11:12:58 +0200] "POST /phpmyadmin/index.php?route=/config/set HTTP/1.1" 200 1625 "-" "Mozilla/5.0 (Windows NT 10.0; Win64; x64) AppleWebKit/537.36 (KHTML, like Gecko) Chrome/111.0.0.0 Safari/537.36 OPR/97.0.0.0"
::1 - - [25/Apr/2023:11:13:01 +0200] "POST /phpmyadmin/index.php?route=/config/set HTTP/1.1" 200 1625 "-" "Mozilla/5.0 (Windows NT 10.0; Win64; x64) AppleWebKit/537.36 (KHTML, like Gecko) Chrome/111.0.0.0 Safari/537.36 OPR/97.0.0.0"
::1 - - [25/Apr/2023:11:13:04 +0200] "GET /phpmyadmin/index.php?route=/sql&pos=0&db=mywordpressdb&table=wp_wpforms_tasks_meta&ajax_request=true&ajax_page_request=true&_nocache=1682413984409991108&token=745b2f4652782a58353e786248485d71 HTTP/1.1" 200 9457 "-" "Mozilla/5.0 (Windows NT 10.0; Win64; x64) AppleWebKit/537.36 (KHTML, like Gecko) Chrome/111.0.0.0 Safari/537.36 OPR/97.0.0.0"
::1 - - [25/Apr/2023:11:13:04 +0200] "GET /phpmyadmin/index.php?route=/recent-table&ajax_request=1&recent_table=1&no_debug=true&_nocache=1682413984910425207&token=745b2f4652782a58353e786248485d71 HTTP/1.1" 200 1710 "-" "Mozilla/5.0 (Windows NT 10.0; Win64; x64) AppleWebKit/537.36 (KHTML, like Gecko) Chrome/111.0.0.0 Safari/537.36 OPR/97.0.0.0"
::1 - - [25/Apr/2023:11:13:09 +0200] "GET /phpmyadmin/index.php?route=/sql&pos=0&db=mywordpressdb&table=wp_usermeta&ajax_request=true&ajax_page_request=true&_nocache=1682413989921406292&token=745b2f4652782a58353e786248485d71 HTTP/1.1" 200 13010 "-" "Mozilla/5.0 (Windows NT 10.0; Win64; x64) AppleWebKit/537.36 (KHTML, like Gecko) Chrome/111.0.0.0 Safari/537.36 OPR/97.0.0.0"
::1 - - [25/Apr/2023:11:13:10 +0200] "GET /phpmyadmin/index.php?route=/recent-table&ajax_request=1&recent_table=1&no_debug=true&_nocache=1682413990473526044&token=745b2f4652782a58353e786248485d71 HTTP/1.1" 200 1718 "-" "Mozilla/5.0 (Windows NT 10.0; Win64; x64) AppleWebKit/537.36 (KHTML, like Gecko) Chrome/111.0.0.0 Safari/537.36 OPR/97.0.0.0"
127.0.0.1 - - [25/Apr/2023:11:13:13 +0200] "POST /mywebsite/wp-cron.php?doing_wp_cron=1682413993.8962430953979492187500 HTTP/1.1" 200 - "-" "WordPress/6.2; http://localhost/mywebsite"
::1 - - [25/Apr/2023:11:13:13 +0200] "POST /mywebsite/wp-admin/admin-ajax.php HTTP/1.1" 200 77 "http://localhost/mywebsite/wp-admin/post.php?post=11&action=elementor" "Mozilla/5.0 (Windows NT 10.0; Win64; x64) AppleWebKit/537.36 (KHTML, like Gecko) Chrome/107.0.0.0 Safari/537.36"
::1 - - [25/Apr/2023:11:13:20 +0200] "GET /phpmyadmin/index.php?route=/sql&pos=0&db=mywordpressdb&table=wp_term_taxonomy&ajax_request=true&ajax_page_request=true&_nocache=1682414000706320108&token=745b2f4652782a58353e786248485d71 HTTP/1.1" 200 10436 "-" "Mozilla/5.0 (Windows NT 10.0; Win64; x64) AppleWebKit/537.36 (KHTML, like Gecko) Chrome/111.0.0.0 Safari/537.36 OPR/97.0.0.0"
::1 - - [25/Apr/2023:11:13:21 +0200] "GET /phpmyadmin/index.php?route=/recent-table&ajax_request=1&recent_table=1&no_debug=true&_nocache=168241400123368753&token=745b2f4652782a58353e786248485d71 HTTP/1.1" 200 1733 "-" "Mozilla/5.0 (Windows NT 10.0; Win64; x64) AppleWebKit/537.36 (KHTML, like Gecko) Chrome/111.0.0.0 Safari/537.36 OPR/97.0.0.0"
::1 - - [25/Apr/2023:11:13:25 +0200] "GET /phpmyadmin/index.php?route=/sql&pos=0&db=mywordpressdb&table=wp_term_relationships&ajax_request=true&ajax_page_request=true&_nocache=1682414005168827578&token=745b2f4652782a58353e786248485d71 HTTP/1.1" 200 10155 "-" "Mozilla/5.0 (Windows NT 10.0; Win64; x64) AppleWebKit/537.36 (KHTML, like Gecko) Chrome/111.0.0.0 Safari/537.36 OPR/97.0.0.0"
::1 - - [25/Apr/2023:11:13:25 +0200] "GET /phpmyadmin/index.php?route=/recent-table&ajax_request=1&recent_table=1&no_debug=true&_nocache=1682414005651520401&token=745b2f4652782a58353e786248485d71 HTTP/1.1" 200 1749 "-" "Mozilla/5.0 (Windows NT 10.0; Win64; x64) AppleWebKit/537.36 (KHTML, like Gecko) Chrome/111.0.0.0 Safari/537.36 OPR/97.0.0.0"
::1 - - [25/Apr/2023:11:13:27 +0200] "GET /phpmyadmin/index.php?route=/sql&pos=0&db=mywordpressdb&table=wp_terms&ajax_request=true&ajax_page_request=true&_nocache=1682414007607778990&token=745b2f4652782a58353e786248485d71 HTTP/1.1" 200 10262 "-" "Mozilla/5.0 (Windows NT 10.0; Win64; x64) AppleWebKit/537.36 (KHTML, like Gecko) Chrome/111.0.0.0 Safari/537.36 OPR/97.0.0.0"
::1 - - [25/Apr/2023:11:13:28 +0200] "GET /phpmyadmin/index.php?route=/recent-table&ajax_request=1&recent_table=1&no_debug=true&_nocache=1682414008071311846&token=745b2f4652782a58353e786248485d71 HTTP/1.1" 200 1756 "-" "Mozilla/5.0 (Windows NT 10.0; Win64; x64) AppleWebKit/537.36 (KHTML, like Gecko) Chrome/111.0.0.0 Safari/537.36 OPR/97.0.0.0"
::1 - - [25/Apr/2023:11:13:35 +0200] "GET /phpmyadmin/index.php?route=/sql&pos=0&db=mywordpressdb&table=wp_termmeta&ajax_request=true&ajax_page_request=true&_nocache=1682414015060550180&token=745b2f4652782a58353e786248485d71 HTTP/1.1" 200 7062 "-" "Mozilla/5.0 (Windows NT 10.0; Win64; x64) AppleWebKit/537.36 (KHTML, like Gecko) Chrome/111.0.0.0 Safari/537.36 OPR/97.0.0.0"
::1 - - [25/Apr/2023:11:13:35 +0200] "GET /phpmyadmin/index.php?route=/recent-table&ajax_request=1&recent_table=1&no_debug=true&_nocache=1682414015515740810&token=745b2f4652782a58353e786248485d71 HTTP/1.1" 200 1762 "-" "Mozilla/5.0 (Windows NT 10.0; Win64; x64) AppleWebKit/537.36 (KHTML, like Gecko) Chrome/111.0.0.0 Safari/537.36 OPR/97.0.0.0"
::1 - - [25/Apr/2023:11:13:38 +0200] "GET /phpmyadmin/index.php?route=/sql&pos=0&db=mywordpressdb&table=wp_posts&ajax_request=true&ajax_page_request=true&_nocache=1682414018298625927&token=745b2f4652782a58353e786248485d71 HTTP/1.1" 200 16651 "-" "Mozilla/5.0 (Windows NT 10.0; Win64; x64) AppleWebKit/537.36 (KHTML, like Gecko) Chrome/111.0.0.0 Safari/537.36 OPR/97.0.0.0"
::1 - - [25/Apr/2023:11:13:38 +0200] "GET /phpmyadmin/index.php?route=/recent-table&ajax_request=1&recent_table=1&no_debug=true&_nocache=1682414018890823851&token=745b2f4652782a58353e786248485d71 HTTP/1.1" 200 1773 "-" "Mozilla/5.0 (Windows NT 10.0; Win64; x64) AppleWebKit/537.36 (KHTML, like Gecko) Chrome/111.0.0.0 Safari/537.36 OPR/97.0.0.0"
127.0.0.1 - - [25/Apr/2023:11:13:45 +0200] "POST /mywebsite/wp-cron.php?doing_wp_cron=1682414025.9396870136260986328125 HTTP/1.1" 200 - "-" "WordPress/6.2; http://localhost/mywebsite"
::1 - - [25/Apr/2023:11:13:45 +0200] "POST /mywebsite/wp-admin/admin-ajax.php HTTP/1.1" 200 47 "http://localhost/mywebsite/wp-admin/edit.php?post_type=page" "Mozilla/5.0 (Windows NT 10.0; Win64; x64) AppleWebKit/537.36 (KHTML, like Gecko) Chrome/107.0.0.0 Safari/537.36"
::1 - - [25/Apr/2023:11:14:12 +0200] "GET /phpmyadmin/index.php?route=/database/structure&db=mywordpressdb&ajax_request=true&ajax_page_request=true&_nocache=1682414052681334572&token=745b2f4652782a58353e786248485d71 HTTP/1.1" 200 10361 "-" "Mozilla/5.0 (Windows NT 10.0; Win64; x64) AppleWebKit/537.36 (KHTML, like Gecko) Chrome/111.0.0.0 Safari/537.36 OPR/97.0.0.0"
::1 - - [25/Apr/2023:11:14:13 +0200] "POST /phpmyadmin/index.php?route=/navigation&ajax_request=1 HTTP/1.1" 200 2690 "-" "Mozilla/5.0 (Windows NT 10.0; Win64; x64) AppleWebKit/537.36 (KHTML, like Gecko) Chrome/111.0.0.0 Safari/537.36 OPR/97.0.0.0"
::1 - - [25/Apr/2023:11:14:13 +0200] "POST /phpmyadmin/index.php?route=/navigation&ajax_request=1 HTTP/1.1" 200 3019 "-" "Mozilla/5.0 (Windows NT 10.0; Win64; x64) AppleWebKit/537.36 (KHTML, like Gecko) Chrome/111.0.0.0 Safari/537.36 OPR/97.0.0.0"
::1 - - [25/Apr/2023:11:14:16 +0200] "GET /phpmyadmin/index.php?route=/database/structure&db=mywordpressdb&ajax_request=true&ajax_page_request=true&_nocache=1682414056842483453&token=745b2f4652782a58353e786248485d71 HTTP/1.1" 200 10361 "-" "Mozilla/5.0 (Windows NT 10.0; Win64; x64) AppleWebKit/537.36 (KHTML, like Gecko) Chrome/111.0.0.0 Safari/537.36 OPR/97.0.0.0"
::1 - - [25/Apr/2023:11:14:17 +0200] "POST /phpmyadmin/index.php?route=/navigation&ajax_request=1 HTTP/1.1" 200 3985 "-" "Mozilla/5.0 (Windows NT 10.0; Win64; x64) AppleWebKit/537.36 (KHTML, like Gecko) Chrome/111.0.0.0 Safari/537.36 OPR/97.0.0.0"
127.0.0.1 - - [25/Apr/2023:11:14:29 +0200] "POST /mywebsite/wp-cron.php?doing_wp_cron=1682414069.8545970916748046875000 HTTP/1.1" 200 - "-" "WordPress/6.2; http://localhost/mywebsite"
::1 - - [25/Apr/2023:11:14:28 +0200] "POST /mywebsite/wp-admin/admin-ajax.php HTTP/1.1" 200 47 "http://localhost/mywebsite/wp-admin/edit.php?post_type=page" "Mozilla/5.0 (Windows NT 10.0; Win64; x64) AppleWebKit/537.36 (KHTML, like Gecko) Chrome/107.0.0.0 Safari/537.36"
::1 - - [25/Apr/2023:11:14:44 +0200] "POST /mywebsite/wp-admin/admin-ajax.php HTTP/1.1" 200 47 "http://localhost/mywebsite/wp-admin/edit.php?post_type=page" "Mozilla/5.0 (Windows NT 10.0; Win64; x64) AppleWebKit/537.36 (KHTML, like Gecko) Chrome/107.0.0.0 Safari/537.36"
::1 - - [25/Apr/2023:11:15:09 +0200] "GET /mywebsite/wp-content/themes/oceanwp/assets/css/style.min.css?ver=3.4.3 HTTP/1.1" 304 - "http://localhost/mywebsite/%d0%bf%d0%be%d0%b4%d1%96%d1%97/" "Mozilla/5.0 (Windows NT 10.0; Win64; x64) AppleWebKit/537.36 (KHTML, like Gecko) Chrome/107.0.0.0 Safari/537.36"
::1 - - [25/Apr/2023:11:15:09 +0200] "GET /mywebsite/wp-content/themes/oceanwp/assets/fonts/fontawesome/css/all.min.css?ver=5.15.1 HTTP/1.1" 304 - "http://localhost/mywebsite/%d0%bf%d0%be%d0%b4%d1%96%d1%97/" "Mozilla/5.0 (Windows NT 10.0; Win64; x64) AppleWebKit/537.36 (KHTML, like Gecko) Chrome/107.0.0.0 Safari/537.36"
::1 - - [25/Apr/2023:11:15:09 +0200] "GET /mywebsite/wp-content/themes/oceanwp/assets/css/third/simple-line-icons.min.css?ver=2.4.0 HTTP/1.1" 304 - "http://localhost/mywebsite/%d0%bf%d0%be%d0%b4%d1%96%d1%97/" "Mozilla/5.0 (Windows NT 10.0; Win64; x64) AppleWebKit/537.36 (KHTML, like Gecko) Chrome/107.0.0.0 Safari/537.36"
::1 - - [25/Apr/2023:11:15:09 +0200] "GET /mywebsite/wp-content/plugins/ocean-extra/assets/css/widgets.css?ver=6.2 HTTP/1.1" 304 - "http://localhost/mywebsite/%d0%bf%d0%be%d0%b4%d1%96%d1%97/" "Mozilla/5.0 (Windows NT 10.0; Win64; x64) AppleWebKit/537.36 (KHTML, like Gecko) Chrome/107.0.0.0 Safari/537.36"
::1 - - [25/Apr/2023:11:15:09 +0200] "GET /mywebsite/wp-content/themes/oceanwp/assets/js/drop-down-mobile-menu.min.js?ver=3.4.3 HTTP/1.1" 304 - "http://localhost/mywebsite/%d0%bf%d0%be%d0%b4%d1%96%d1%97/" "Mozilla/5.0 (Windows NT 10.0; Win64; x64) AppleWebKit/537.36 (KHTML, like Gecko) Chrome/107.0.0.0 Safari/537.36"
::1 - - [25/Apr/2023:11:15:09 +0200] "GET /mywebsite/wp-content/themes/oceanwp/assets/js/drop-down-search.min.js?ver=3.4.3 HTTP/1.1" 304 - "http://localhost/mywebsite/%d0%bf%d0%be%d0%b4%d1%96%d1%97/" "Mozilla/5.0 (Windows NT 10.0; Win64; x64) AppleWebKit/537.36 (KHTML, like Gecko) Chrome/107.0.0.0 Safari/537.36"
::1 - - [25/Apr/2023:11:15:09 +0200] "GET /mywebsite/wp-content/themes/oceanwp/assets/js/theme.min.js?ver=3.4.3 HTTP/1.1" 304 - "http://localhost/mywebsite/%d0%bf%d0%be%d0%b4%d1%96%d1%97/" "Mozilla/5.0 (Windows NT 10.0; Win64; x64) AppleWebKit/537.36 (KHTML, like Gecko) Chrome/107.0.0.0 Safari/537.36"
::1 - - [25/Apr/2023:11:15:09 +0200] "GET /mywebsite/wp-content/themes/oceanwp/assets/js/ow-slider.min.js?ver=3.4.3 HTTP/1.1" 304 - "http://localhost/mywebsite/%d0%bf%d0%be%d0%b4%d1%96%d1%97/" "Mozilla/5.0 (Windows NT 10.0; Win64; x64) AppleWebKit/537.36 (KHTML, like Gecko) Chrome/107.0.0.0 Safari/537.36"
