::1 - - [25/Apr/2023:10:29:55 +0200] "GET /mywebsite/wp-content/themes/oceanwp/inc/themepanel/assets/images/icons/quick-settings/typography.png HTTP/1.1" 200 3788 "http://localhost/mywebsite/wp-admin/admin.php?page=oceanwp" "Mozilla/5.0 (Windows NT 10.0; Win64; x64) AppleWebKit/537.36 (KHTML, like Gecko) Chrome/107.0.0.0 Safari/537.36"
::1 - - [25/Apr/2023:10:29:55 +0200] "GET /mywebsite/wp-content/themes/oceanwp/inc/themepanel/assets/images/icons/quick-settings/favicon.png HTTP/1.1" 200 5488 "http://localhost/mywebsite/wp-admin/admin.php?page=oceanwp" "Mozilla/5.0 (Windows NT 10.0; Win64; x64) AppleWebKit/537.36 (KHTML, like Gecko) Chrome/107.0.0.0 Safari/537.36"
::1 - - [25/Apr/2023:10:29:55 +0200] "GET /mywebsite/wp-content/themes/oceanwp/inc/themepanel/assets/images/icons/quick-settings/primary-colors.png HTTP/1.1" 200 7261 "http://localhost/mywebsite/wp-admin/admin.php?page=oceanwp" "Mozilla/5.0 (Windows NT 10.0; Win64; x64) AppleWebKit/537.36 (KHTML, like Gecko) Chrome/107.0.0.0 Safari/537.36"
::1 - - [25/Apr/2023:10:29:55 +0200] "GET /mywebsite/wp-content/themes/oceanwp/inc/themepanel/assets/images/icons/quick-settings/top-bar.png HTTP/1.1" 200 4781 "http://localhost/mywebsite/wp-admin/admin.php?page=oceanwp" "Mozilla/5.0 (Windows NT 10.0; Win64; x64) AppleWebKit/537.36 (KHTML, like Gecko) Chrome/107.0.0.0 Safari/537.36"
::1 - - [25/Apr/2023:10:29:55 +0200] "GET /mywebsite/wp-content/themes/oceanwp/inc/themepanel/assets/images/icons/quick-settings/header.png HTTP/1.1" 200 4097 "http://localhost/mywebsite/wp-admin/admin.php?page=oceanwp" "Mozilla/5.0 (Windows NT 10.0; Win64; x64) AppleWebKit/537.36 (KHTML, like Gecko) Chrome/107.0.0.0 Safari/537.36"
::1 - - [25/Apr/2023:10:29:55 +0200] "GET /mywebsite/wp-content/themes/oceanwp/inc/themepanel/assets/images/icons/quick-settings/footer-bottom.png HTTP/1.1" 200 4685 "http://localhost/mywebsite/wp-admin/admin.php?page=oceanwp" "Mozilla/5.0 (Windows NT 10.0; Win64; x64) AppleWebKit/537.36 (KHTML, like Gecko) Chrome/107.0.0.0 Safari/537.36"
::1 - - [25/Apr/2023:10:29:55 +0200] "GET /mywebsite/wp-content/themes/oceanwp/inc/themepanel/assets/images/icons/download.png HTTP/1.1" 200 3327 "http://localhost/mywebsite/wp-admin/admin.php?page=oceanwp" "Mozilla/5.0 (Windows NT 10.0; Win64; x64) AppleWebKit/537.36 (KHTML, like Gecko) Chrome/107.0.0.0 Safari/537.36"
::1 - - [25/Apr/2023:10:29:55 +0200] "GET /mywebsite/wp-content/themes/oceanwp/inc/themepanel/assets/images/icons/plugin-download.png HTTP/1.1" 200 3978 "http://localhost/mywebsite/wp-admin/admin.php?page=oceanwp" "Mozilla/5.0 (Windows NT 10.0; Win64; x64) AppleWebKit/537.36 (KHTML, like Gecko) Chrome/107.0.0.0 Safari/537.36"
::1 - - [25/Apr/2023:10:29:55 +0200] "GET /mywebsite/wp-content/themes/oceanwp/inc/themepanel/assets/images/icons/quick-settings/footer-widgets.png HTTP/1.1" 200 6155 "http://localhost/mywebsite/wp-admin/admin.php?page=oceanwp" "Mozilla/5.0 (Windows NT 10.0; Win64; x64) AppleWebKit/537.36 (KHTML, like Gecko) Chrome/107.0.0.0 Safari/537.36"
::1 - - [25/Apr/2023:10:29:55 +0200] "GET /mywebsite/wp-content/themes/oceanwp/inc/themepanel/assets/images/icons/love-corner.png HTTP/1.1" 200 3476 "http://localhost/mywebsite/wp-admin/admin.php?page=oceanwp" "Mozilla/5.0 (Windows NT 10.0; Win64; x64) AppleWebKit/537.36 (KHTML, like Gecko) Chrome/107.0.0.0 Safari/537.36"
::1 - - [25/Apr/2023:10:29:55 +0200] "GET /mywebsite/wp-content/themes/oceanwp/inc/themepanel/assets/images/icons/share-the-love.png HTTP/1.1" 200 6619 "http://localhost/mywebsite/wp-admin/admin.php?page=oceanwp" "Mozilla/5.0 (Windows NT 10.0; Win64; x64) AppleWebKit/537.36 (KHTML, like Gecko) Chrome/107.0.0.0 Safari/537.36"
::1 - - [25/Apr/2023:10:29:55 +0200] "GET /mywebsite/wp-content/themes/oceanwp/inc/themepanel/assets/images/icons/get-some-love.png HTTP/1.1" 200 4368 "http://localhost/mywebsite/wp-admin/admin.php?page=oceanwp" "Mozilla/5.0 (Windows NT 10.0; Win64; x64) AppleWebKit/537.36 (KHTML, like Gecko) Chrome/107.0.0.0 Safari/537.36"
::1 - - [25/Apr/2023:10:29:55 +0200] "GET /mywebsite/wp-content/themes/oceanwp/inc/themepanel/assets/images/icons/showcase-website.png HTTP/1.1" 200 5174 "http://localhost/mywebsite/wp-admin/admin.php?page=oceanwp" "Mozilla/5.0 (Windows NT 10.0; Win64; x64) AppleWebKit/537.36 (KHTML, like Gecko) Chrome/107.0.0.0 Safari/537.36"
::1 - - [25/Apr/2023:10:29:55 +0200] "GET /mywebsite/wp-content/themes/oceanwp/inc/themepanel/assets/images/icons/feature-requests.png HTTP/1.1" 200 5739 "http://localhost/mywebsite/wp-admin/admin.php?page=oceanwp" "Mozilla/5.0 (Windows NT 10.0; Win64; x64) AppleWebKit/537.36 (KHTML, like Gecko) Chrome/107.0.0.0 Safari/537.36"
::1 - - [25/Apr/2023:10:29:55 +0200] "GET /mywebsite/wp-content/themes/oceanwp/inc/themepanel/assets/images/logo.png HTTP/1.1" 200 1183 "http://localhost/mywebsite/wp-content/themes/oceanwp/inc/themepanel/assets/css/theme-panel.min.css?ver=3.4.3" "Mozilla/5.0 (Windows NT 10.0; Win64; x64) AppleWebKit/537.36 (KHTML, like Gecko) Chrome/107.0.0.0 Safari/537.36"
::1 - - [25/Apr/2023:10:29:55 +0200] "GET /mywebsite/wp-content/themes/oceanwp/inc/themepanel/assets/images/check.svg HTTP/1.1" 200 387 "http://localhost/mywebsite/wp-content/themes/oceanwp/inc/themepanel/assets/css/theme-panel.min.css?ver=3.4.3" "Mozilla/5.0 (Windows NT 10.0; Win64; x64) AppleWebKit/537.36 (KHTML, like Gecko) Chrome/107.0.0.0 Safari/537.36"
::1 - - [25/Apr/2023:10:29:55 +0200] "GET /mywebsite/wp-content/themes/oceanwp/inc/themepanel/assets/images/banners/home.jpg HTTP/1.1" 200 20762 "http://localhost/mywebsite/wp-content/themes/oceanwp/inc/themepanel/assets/css/theme-panel.min.css?ver=3.4.3" "Mozilla/5.0 (Windows NT 10.0; Win64; x64) AppleWebKit/537.36 (KHTML, like Gecko) Chrome/107.0.0.0 Safari/537.36"
::1 - - [25/Apr/2023:10:29:56 +0200] "POST /mywebsite/wp-admin/admin-ajax.php HTTP/1.1" 200 17 "http://localhost/mywebsite/wp-admin/admin.php?page=oceanwp" "Mozilla/5.0 (Windows NT 10.0; Win64; x64) AppleWebKit/537.36 (KHTML, like Gecko) Chrome/107.0.0.0 Safari/537.36"
::1 - - [25/Apr/2023:10:29:56 +0200] "POST /mywebsite/wp-admin/admin-ajax.php HTTP/1.1" 200 17 "http://localhost/mywebsite/wp-admin/admin.php?page=oceanwp" "Mozilla/5.0 (Windows NT 10.0; Win64; x64) AppleWebKit/537.36 (KHTML, like Gecko) Chrome/107.0.0.0 Safari/537.36"
::1 - - [25/Apr/2023:10:30:56 +0200] "POST /mywebsite/wp-admin/admin-ajax.php HTTP/1.1" 200 47 "http://localhost/mywebsite/wp-admin/admin.php?page=oceanwp" "Mozilla/5.0 (Windows NT 10.0; Win64; x64) AppleWebKit/537.36 (KHTML, like Gecko) Chrome/107.0.0.0 Safari/537.36"
127.0.0.1 - - [25/Apr/2023:10:30:56 +0200] "POST /mywebsite/wp-cron.php?doing_wp_cron=1682411456.8724761009216308593750 HTTP/1.1" 200 - "-" "WordPress/6.2; http://localhost/mywebsite"
127.0.0.1 - - [25/Apr/2023:10:32:58 +0200] "POST /mywebsite/wp-cron.php?doing_wp_cron=1682411577.9885890483856201171875 HTTP/1.1" 200 - "-" "WordPress/6.2; http://localhost/mywebsite"
::1 - - [25/Apr/2023:10:32:57 +0200] "POST /mywebsite/wp-admin/admin-ajax.php HTTP/1.1" 200 47 "http://localhost/mywebsite/wp-admin/admin.php?page=oceanwp" "Mozilla/5.0 (Windows NT 10.0; Win64; x64) AppleWebKit/537.36 (KHTML, like Gecko) Chrome/107.0.0.0 Safari/537.36"
127.0.0.1 - - [25/Apr/2023:10:34:50 +0200] "POST /mywebsite/wp-cron.php?doing_wp_cron=1682411690.4138650894165039062500 HTTP/1.1" 200 - "-" "WordPress/6.2; http://localhost/mywebsite"
::1 - - [25/Apr/2023:10:34:49 +0200] "POST /mywebsite/wp-admin/admin-ajax.php HTTP/1.1" 200 47 "http://localhost/mywebsite/wp-admin/admin.php?page=oceanwp" "Mozilla/5.0 (Windows NT 10.0; Win64; x64) AppleWebKit/537.36 (KHTML, like Gecko) Chrome/107.0.0.0 Safari/537.36"
::1 - - [25/Apr/2023:10:35:03 +0200] "GET /mywebsite/wp-admin/edit.php?post_type=page HTTP/1.1" 200 76561 "http://localhost/mywebsite/wp-admin/admin.php?page=oceanwp" "Mozilla/5.0 (Windows NT 10.0; Win64; x64) AppleWebKit/537.36 (KHTML, like Gecko) Chrome/107.0.0.0 Safari/537.36"
::1 - - [25/Apr/2023:10:35:04 +0200] "GET /mywebsite/wp-content/plugins/wpforms-lite/assets/lite/css/admin/edit-post-education.min.css?ver=1.8.1.2 HTTP/1.1" 200 1933 "http://localhost/mywebsite/wp-admin/edit.php?post_type=page" "Mozilla/5.0 (Windows NT 10.0; Win64; x64) AppleWebKit/537.36 (KHTML, like Gecko) Chrome/107.0.0.0 Safari/537.36"
::1 - - [25/Apr/2023:10:35:04 +0200] "GET /mywebsite/wp-content/plugins/ocean-extra/includes/admin-bar/assets/css/admin-bar.css?ver=3.4.3 HTTP/1.1" 304 - "http://localhost/mywebsite/wp-admin/edit.php?post_type=page" "Mozilla/5.0 (Windows NT 10.0; Win64; x64) AppleWebKit/537.36 (KHTML, like Gecko) Chrome/107.0.0.0 Safari/537.36"
::1 - - [25/Apr/2023:10:35:04 +0200] "GET /mywebsite/wp-content/plugins/wpforms-lite/assets/css/admin-bar.min.css?ver=1.8.1.2 HTTP/1.1" 304 - "http://localhost/mywebsite/wp-admin/edit.php?post_type=page" "Mozilla/5.0 (Windows NT 10.0; Win64; x64) AppleWebKit/537.36 (KHTML, like Gecko) Chrome/107.0.0.0 Safari/537.36"
::1 - - [25/Apr/2023:10:35:04 +0200] "GET /mywebsite/wp-content/plugins/ocean-extra/includes/themepanel/assets/css/theme-panel-customizer.css?ver=6.2 HTTP/1.1" 304 - "http://localhost/mywebsite/wp-admin/edit.php?post_type=page" "Mozilla/5.0 (Windows NT 10.0; Win64; x64) AppleWebKit/537.36 (KHTML, like Gecko) Chrome/107.0.0.0 Safari/537.36"
::1 - - [25/Apr/2023:10:35:04 +0200] "GET /mywebsite/wp-content/plugins/ocean-extra/includes/freemius/assets/css/admin/common.css?ver=6.2 HTTP/1.1" 304 - "http://localhost/mywebsite/wp-admin/edit.php?post_type=page" "Mozilla/5.0 (Windows NT 10.0; Win64; x64) AppleWebKit/537.36 (KHTML, like Gecko) Chrome/107.0.0.0 Safari/537.36"
::1 - - [25/Apr/2023:10:35:04 +0200] "GET /mywebsite/wp-content/plugins/wpforms-lite/assets/lite/js/admin/education/lite-connect.min.js?ver=1.8.1.2 HTTP/1.1" 200 5238 "http://localhost/mywebsite/wp-admin/edit.php?post_type=page" "Mozilla/5.0 (Windows NT 10.0; Win64; x64) AppleWebKit/537.36 (KHTML, like Gecko) Chrome/107.0.0.0 Safari/537.36"
::1 - - [25/Apr/2023:10:35:04 +0200] "GET /mywebsite/wp-content/themes/oceanwp/inc/themepanel/assets/js/admin.js?ver=3.4.3 HTTP/1.1" 304 - "http://localhost/mywebsite/wp-admin/edit.php?post_type=page" "Mozilla/5.0 (Windows NT 10.0; Win64; x64) AppleWebKit/537.36 (KHTML, like Gecko) Chrome/107.0.0.0 Safari/537.36"
::1 - - [25/Apr/2023:10:35:04 +0200] "GET /mywebsite/wp-content/themes/oceanwp/inc/themepanel/assets/images/themepanel-icon.svg HTTP/1.1" 304 - "http://localhost/mywebsite/wp-admin/edit.php?post_type=page" "Mozilla/5.0 (Windows NT 10.0; Win64; x64) AppleWebKit/537.36 (KHTML, like Gecko) Chrome/107.0.0.0 Safari/537.36"
::1 - - [25/Apr/2023:10:35:04 +0200] "GET /mywebsite/wp-content/plugins/wpforms-lite/assets/lite/js/admin/edit-post-education.es5.min.js?ver=1.8.1.2 HTTP/1.1" 200 6040 "http://localhost/mywebsite/wp-admin/edit.php?post_type=page" "Mozilla/5.0 (Windows NT 10.0; Win64; x64) AppleWebKit/537.36 (KHTML, like Gecko) Chrome/107.0.0.0 Safari/537.36"
::1 - - [25/Apr/2023:10:35:04 +0200] "POST /mywebsite/wp-admin/admin-ajax.php HTTP/1.1" 200 47 "http://localhost/mywebsite/wp-admin/edit.php?post_type=page" "Mozilla/5.0 (Windows NT 10.0; Win64; x64) AppleWebKit/537.36 (KHTML, like Gecko) Chrome/107.0.0.0 Safari/537.36"
::1 - - [25/Apr/2023:10:35:05 +0200] "POST /mywebsite/wp-admin/admin-ajax.php HTTP/1.1" 200 17 "http://localhost/mywebsite/wp-admin/edit.php?post_type=page" "Mozilla/5.0 (Windows NT 10.0; Win64; x64) AppleWebKit/537.36 (KHTML, like Gecko) Chrome/107.0.0.0 Safari/537.36"
::1 - - [25/Apr/2023:10:35:10 +0200] "GET /mywebsite/wp-content/plugins/wpforms-lite/assets/css/admin-integrations.min.css?ver=1.8.1.2 HTTP/1.1" 200 28293 "http://localhost/mywebsite/wp-admin/post.php?post=11&action=edit" "Mozilla/5.0 (Windows NT 10.0; Win64; x64) AppleWebKit/537.36 (KHTML, like Gecko) Chrome/107.0.0.0 Safari/537.36"
::1 - - [25/Apr/2023:10:35:10 +0200] "GET /mywebsite/wp-content/plugins/wpforms-lite/assets/css/frontend/modern/wpforms-full.min.css?ver=1.8.1.2 HTTP/1.1" 200 92927 "http://localhost/mywebsite/wp-admin/post.php?post=11&action=edit" "Mozilla/5.0 (Windows NT 10.0; Win64; x64) AppleWebKit/537.36 (KHTML, like Gecko) Chrome/107.0.0.0 Safari/537.36"
::1 - - [25/Apr/2023:10:35:10 +0200] "GET /mywebsite/wp-content/plugins/wpforms-lite/assets/css/choices.min.css?ver=9.0.1 HTTP/1.1" 200 12190 "http://localhost/mywebsite/wp-admin/post.php?post=11&action=edit" "Mozilla/5.0 (Windows NT 10.0; Win64; x64) AppleWebKit/537.36 (KHTML, like Gecko) Chrome/107.0.0.0 Safari/537.36"
::1 - - [25/Apr/2023:10:35:10 +0200] "GET /mywebsite/wp-content/plugins/ocean-extra/includes/metabox/controls/assets/css/butterbean.min.css?ver=6.2 HTTP/1.1" 200 20687 "http://localhost/mywebsite/wp-admin/post.php?post=11&action=edit" "Mozilla/5.0 (Windows NT 10.0; Win64; x64) AppleWebKit/537.36 (KHTML, like Gecko) Chrome/107.0.0.0 Safari/537.36"
::1 - - [25/Apr/2023:10:35:10 +0200] "GET /mywebsite/wp-content/plugins/ocean-extra/includes/metabox/controls/assets/css/select2.min.css?ver=6.2 HTTP/1.1" 200 15197 "http://localhost/mywebsite/wp-admin/post.php?post=11&action=edit" "Mozilla/5.0 (Windows NT 10.0; Win64; x64) AppleWebKit/537.36 (KHTML, like Gecko) Chrome/107.0.0.0 Safari/537.36"
::1 - - [25/Apr/2023:10:35:10 +0200] "GET /mywebsite/wp-content/plugins/ocean-extra/includes/metabox/butterbean/css/butterbean.min.css?ver=6.2 HTTP/1.1" 200 5576 "http://localhost/mywebsite/wp-admin/post.php?post=11&action=edit" "Mozilla/5.0 (Windows NT 10.0; Win64; x64) AppleWebKit/537.36 (KHTML, like Gecko) Chrome/107.0.0.0 Safari/537.36"
::1 - - [25/Apr/2023:10:35:10 +0200] "GET /mywebsite/wp-admin/load-styles.php?c=1&dir=ltr&load%5Bchunk_0%5D=dashicons,admin-bar,buttons,media-views,editor-buttons,wp-components,wp-block-editor,wp-nux,wp-reusable-blocks,wp-editor,common,&load%5Bchunk_1%5D=forms,wp-reset-editor-styles,wp-block-library,wp-block-editor-content,wp-editor-classic-layout-styles,wp-edit-blocks,wp-edit-pos&load%5Bchunk_2%5D=t,wp-block-directory,wp-format-library,admin-menu,dashboard,list-tables,edit,revisions,media,themes,about,nav-menus,wp-pointer,w&load%5Bchunk_3%5D=idgets,site-icon,l10n,wp-auth-check,wp-block-library-theme,wp-color-picker&ver=6.2 HTTP/1.1" 200 931107 "http://localhost/mywebsite/wp-admin/post.php?post=11&action=edit" "Mozilla/5.0 (Windows NT 10.0; Win64; x64) AppleWebKit/537.36 (KHTML, like Gecko) Chrome/107.0.0.0 Safari/537.36"
::1 - - [25/Apr/2023:10:35:09 +0200] "GET /mywebsite/wp-admin/post.php?post=11&action=edit HTTP/1.1" 200 933039 "http://localhost/mywebsite/wp-admin/edit.php?post_type=page" "Mozilla/5.0 (Windows NT 10.0; Win64; x64) AppleWebKit/537.36 (KHTML, like Gecko) Chrome/107.0.0.0 Safari/537.36"
::1 - - [25/Apr/2023:10:35:10 +0200] "GET /mywebsite/wp-content/plugins/wpforms-lite/assets/js/wpforms-modern.min.js?ver=1.8.1.2 HTTP/1.1" 200 5584 "http://localhost/mywebsite/wp-admin/post.php?post=11&action=edit" "Mozilla/5.0 (Windows NT 10.0; Win64; x64) AppleWebKit/537.36 (KHTML, like Gecko) Chrome/107.0.0.0 Safari/537.36"
::1 - - [25/Apr/2023:10:35:10 +0200] "GET /mywebsite/wp-content/plugins/wpforms-lite/assets/js/components/admin/gutenberg/formselector.es5.min.js?ver=1.8.1.2 HTTP/1.1" 200 16576 "http://localhost/mywebsite/wp-admin/post.php?post=11&action=edit" "Mozilla/5.0 (Windows NT 10.0; Win64; x64) AppleWebKit/537.36 (KHTML, like Gecko) Chrome/107.0.0.0 Safari/537.36"
::1 - - [25/Apr/2023:10:35:10 +0200] "GET /mywebsite/wp-content/plugins/wpforms-lite/assets/lib/choices.min.js?ver=9.0.1 HTTP/1.1" 200 73785 "http://localhost/mywebsite/wp-admin/post.php?post=11&action=edit" "Mozilla/5.0 (Windows NT 10.0; Win64; x64) AppleWebKit/537.36 (KHTML, like Gecko) Chrome/107.0.0.0 Safari/537.36"
::1 - - [25/Apr/2023:10:35:10 +0200] "GET /mywebsite/wp-content/plugins/ocean-extra/includes/metabox/controls/assets/js/butterbean.min.js?ver=6.2 HTTP/1.1" 200 2759 "http://localhost/mywebsite/wp-admin/post.php?post=11&action=edit" "Mozilla/5.0 (Windows NT 10.0; Win64; x64) AppleWebKit/537.36 (KHTML, like Gecko) Chrome/107.0.0.0 Safari/537.36"
::1 - - [25/Apr/2023:10:35:10 +0200] "GET /mywebsite/wp-content/plugins/ocean-extra/includes/metabox/assets/js/metabox.min.js?ver=2.1.6 HTTP/1.1" 200 3387 "http://localhost/mywebsite/wp-admin/post.php?post=11&action=edit" "Mozilla/5.0 (Windows NT 10.0; Win64; x64) AppleWebKit/537.36 (KHTML, like Gecko) Chrome/107.0.0.0 Safari/537.36"
::1 - - [25/Apr/2023:10:35:10 +0200] "GET /mywebsite/wp-content/plugins/ocean-extra/includes/metabox/butterbean/js/butterbean.min.js?ver=6.2 HTTP/1.1" 200 7442 "http://localhost/mywebsite/wp-admin/post.php?post=11&action=edit" "Mozilla/5.0 (Windows NT 10.0; Win64; x64) AppleWebKit/537.36 (KHTML, like Gecko) Chrome/107.0.0.0 Safari/537.36"
::1 - - [25/Apr/2023:10:35:10 +0200] "GET /mywebsite/wp-content/plugins/ocean-extra/includes/metabox/controls/assets/js/select2.full.min.js?ver=6.2 HTTP/1.1" 200 74111 "http://localhost/mywebsite/wp-admin/post.php?post=11&action=edit" "Mozilla/5.0 (Windows NT 10.0; Win64; x64) AppleWebKit/537.36 (KHTML, like Gecko) Chrome/107.0.0.0 Safari/537.36"
::1 - - [25/Apr/2023:10:35:10 +0200] "GET /mywebsite/wp-content/plugins/ocean-extra/includes/metabox/controls/assets/js/wp-color-picker-alpha.js?ver=6.2 HTTP/1.1" 200 7415 "http://localhost/mywebsite/wp-admin/post.php?post=11&action=edit" "Mozilla/5.0 (Windows NT 10.0; Win64; x64) AppleWebKit/537.36 (KHTML, like Gecko) Chrome/107.0.0.0 Safari/537.36"
::1 - - [25/Apr/2023:10:35:11 +0200] "GET /mywebsite/wp-json/wp/v2/blocks?context=edit&per_page=100&_locale=user HTTP/1.1" 200 2 "http://localhost/mywebsite/wp-admin/post.php?post=11&action=edit" "Mozilla/5.0 (Windows NT 10.0; Win64; x64) AppleWebKit/537.36 (KHTML, like Gecko) Chrome/107.0.0.0 Safari/537.36"
::1 - - [25/Apr/2023:10:35:11 +0200] "GET /mywebsite/wp-json/wp/v2/block-patterns/categories?_locale=user HTTP/1.1" 200 6505 "http://localhost/mywebsite/wp-admin/post.php?post=11&action=edit" "Mozilla/5.0 (Windows NT 10.0; Win64; x64) AppleWebKit/537.36 (KHTML, like Gecko) Chrome/107.0.0.0 Safari/537.36"
::1 - - [25/Apr/2023:10:35:11 +0200] "GET /mywebsite/wp-json/?_fields=description%2Cgmt_offset%2Chome%2Cname%2Csite_icon%2Csite_icon_url%2Csite_logo%2Ctimezone_string%2Curl&_locale=user HTTP/1.1" 200 549 "http://localhost/mywebsite/wp-admin/post.php?post=11&action=edit" "Mozilla/5.0 (Windows NT 10.0; Win64; x64) AppleWebKit/537.36 (KHTML, like Gecko) Chrome/107.0.0.0 Safari/537.36"
::1 - - [25/Apr/2023:10:35:11 +0200] "OPTIONS /mywebsite/wp-json/wp/v2/pages/11?_locale=user HTTP/1.1" 200 20394 "http://localhost/mywebsite/wp-admin/post.php?post=11&action=edit" "Mozilla/5.0 (Windows NT 10.0; Win64; x64) AppleWebKit/537.36 (KHTML, like Gecko) Chrome/107.0.0.0 Safari/537.36"
::1 - - [25/Apr/2023:10:35:11 +0200] "GET /mywebsite/wp-json/wp/v2/users?context=view&who=authors&per_page=50&_fields=id%2Cname&_locale=user HTTP/1.1" 200 25 "http://localhost/mywebsite/wp-admin/post.php?post=11&action=edit" "Mozilla/5.0 (Windows NT 10.0; Win64; x64) AppleWebKit/537.36 (KHTML, like Gecko) Chrome/107.0.0.0 Safari/537.36"
::1 - - [25/Apr/2023:10:35:11 +0200] "GET /mywebsite/wp-json/wp/v2/block-patterns/patterns?_locale=user HTTP/1.1" 200 195444 "http://localhost/mywebsite/wp-admin/post.php?post=11&action=edit" "Mozilla/5.0 (Windows NT 10.0; Win64; x64) AppleWebKit/537.36 (KHTML, like Gecko) Chrome/107.0.0.0 Safari/537.36"
::1 - - [25/Apr/2023:10:35:12 +0200] "GET /mywebsite/wp-json/wp/v2/taxonomies?context=edit&per_page=100&_locale=user HTTP/1.1" 200 15077 "http://localhost/mywebsite/wp-admin/post.php?post=11&action=edit" "Mozilla/5.0 (Windows NT 10.0; Win64; x64) AppleWebKit/537.36 (KHTML, like Gecko) Chrome/107.0.0.0 Safari/537.36"
::1 - - [25/Apr/2023:10:35:12 +0200] "GET /mywebsite/wp-json/wp/v2/themes?context=edit&status=active&_locale=user HTTP/1.1" 200 4298 "http://localhost/mywebsite/wp-admin/post.php?post=11&action=edit" "Mozilla/5.0 (Windows NT 10.0; Win64; x64) AppleWebKit/537.36 (KHTML, like Gecko) Chrome/107.0.0.0 Safari/537.36"
::1 - - [25/Apr/2023:10:35:12 +0200] "POST /mywebsite/wp-admin/admin-ajax.php HTTP/1.1" 200 17 "http://localhost/mywebsite/wp-admin/post.php?post=11&action=edit" "Mozilla/5.0 (Windows NT 10.0; Win64; x64) AppleWebKit/537.36 (KHTML, like Gecko) Chrome/107.0.0.0 Safari/537.36"
127.0.0.1 - - [25/Apr/2023:10:35:48 +0200] "POST /mywebsite/wp-cron.php?doing_wp_cron=1682411748.9114499092102050781250 HTTP/1.1" 200 - "-" "WordPress/6.2; http://localhost/mywebsite"
::1 - - [25/Apr/2023:10:35:48 +0200] "POST /mywebsite/wp-json/wp/v2/pages/11?_locale=user HTTP/1.1" 200 2217 "http://localhost/mywebsite/wp-admin/post.php?post=11&action=edit" "Mozilla/5.0 (Windows NT 10.0; Win64; x64) AppleWebKit/537.36 (KHTML, like Gecko) Chrome/107.0.0.0 Safari/537.36"
::1 - - [25/Apr/2023:10:35:49 +0200] "POST /mywebsite/wp-admin/post.php?post=11&action=edit&meta-box-loader=1&meta-box-loader-nonce=459fa061e4&_locale=user HTTP/1.1" 302 - "http://localhost/mywebsite/wp-admin/post.php?post=11&action=edit" "Mozilla/5.0 (Windows NT 10.0; Win64; x64) AppleWebKit/537.36 (KHTML, like Gecko) Chrome/107.0.0.0 Safari/537.36"
::1 - - [25/Apr/2023:10:35:50 +0200] "GET /mywebsite/wp-admin/post.php?post=11&action=edit&message=4 HTTP/1.1" 200 924669 "http://localhost/mywebsite/wp-admin/post.php?post=11&action=edit" "Mozilla/5.0 (Windows NT 10.0; Win64; x64) AppleWebKit/537.36 (KHTML, like Gecko) Chrome/107.0.0.0 Safari/537.36"
::1 - - [25/Apr/2023:10:35:55 +0200] "GET /mywebsite/wp-content/themes/oceanwp/assets/fonts/fontawesome/css/all.min.css?ver=5.15.1 HTTP/1.1" 304 - "http://localhost/mywebsite/" "Mozilla/5.0 (Windows NT 10.0; Win64; x64) AppleWebKit/537.36 (KHTML, like Gecko) Chrome/107.0.0.0 Safari/537.36"
::1 - - [25/Apr/2023:10:35:55 +0200] "GET /mywebsite/wp-content/themes/oceanwp/assets/css/style.min.css?ver=3.4.3 HTTP/1.1" 304 - "http://localhost/mywebsite/" "Mozilla/5.0 (Windows NT 10.0; Win64; x64) AppleWebKit/537.36 (KHTML, like Gecko) Chrome/107.0.0.0 Safari/537.36"
::1 - - [25/Apr/2023:10:35:55 +0200] "GET /mywebsite/wp-content/plugins/wpforms-lite/assets/css/admin-bar.min.css?ver=1.8.1.2 HTTP/1.1" 304 - "http://localhost/mywebsite/" "Mozilla/5.0 (Windows NT 10.0; Win64; x64) AppleWebKit/537.36 (KHTML, like Gecko) Chrome/107.0.0.0 Safari/537.36"
::1 - - [25/Apr/2023:10:35:55 +0200] "GET /mywebsite/wp-content/themes/oceanwp/assets/css/third/simple-line-icons.min.css?ver=2.4.0 HTTP/1.1" 304 - "http://localhost/mywebsite/" "Mozilla/5.0 (Windows NT 10.0; Win64; x64) AppleWebKit/537.36 (KHTML, like Gecko) Chrome/107.0.0.0 Safari/537.36"
::1 - - [25/Apr/2023:10:35:55 +0200] "GET /mywebsite/wp-content/plugins/ocean-extra/assets/css/widgets.css?ver=6.2 HTTP/1.1" 304 - "http://localhost/mywebsite/" "Mozilla/5.0 (Windows NT 10.0; Win64; x64) AppleWebKit/537.36 (KHTML, like Gecko) Chrome/107.0.0.0 Safari/537.36"
::1 - - [25/Apr/2023:10:35:54 +0200] "GET /mywebsite/ HTTP/1.1" 200 43091 "http://localhost/mywebsite/wp-admin/themes.php" "Mozilla/5.0 (Windows NT 10.0; Win64; x64) AppleWebKit/537.36 (KHTML, like Gecko) Chrome/107.0.0.0 Safari/537.36"
::1 - - [25/Apr/2023:10:35:55 +0200] "GET /mywebsite/wp-content/themes/oceanwp/assets/js/theme.min.js?ver=3.4.3 HTTP/1.1" 304 - "http://localhost/mywebsite/" "Mozilla/5.0 (Windows NT 10.0; Win64; x64) AppleWebKit/537.36 (KHTML, like Gecko) Chrome/107.0.0.0 Safari/537.36"
::1 - - [25/Apr/2023:10:35:55 +0200] "GET /mywebsite/wp-content/themes/oceanwp/assets/js/ow-lightbox.min.js?ver=3.4.3 HTTP/1.1" 304 - "http://localhost/mywebsite/" "Mozilla/5.0 (Windows NT 10.0; Win64; x64) AppleWebKit/537.36 (KHTML, like Gecko) Chrome/107.0.0.0 Safari/537.36"
::1 - - [25/Apr/2023:10:35:55 +0200] "GET /mywebsite/wp-content/themes/oceanwp/assets/js/drop-down-mobile-menu.min.js?ver=3.4.3 HTTP/1.1" 304 - "http://localhost/mywebsite/" "Mozilla/5.0 (Windows NT 10.0; Win64; x64) AppleWebKit/537.36 (KHTML, like Gecko) Chrome/107.0.0.0 Safari/537.36"
::1 - - [25/Apr/2023:10:35:55 +0200] "GET /mywebsite/wp-content/themes/oceanwp/assets/js/vendors/flickity.pkgd.min.js?ver=3.4.3 HTTP/1.1" 304 - "http://localhost/mywebsite/" "Mozilla/5.0 (Windows NT 10.0; Win64; x64) AppleWebKit/537.36 (KHTML, like Gecko) Chrome/107.0.0.0 Safari/537.36"
::1 - - [25/Apr/2023:10:35:55 +0200] "GET /mywebsite/wp-content/themes/oceanwp/assets/js/vendors/magnific-popup.min.js?ver=3.4.3 HTTP/1.1" 304 - "http://localhost/mywebsite/" "Mozilla/5.0 (Windows NT 10.0; Win64; x64) AppleWebKit/537.36 (KHTML, like Gecko) Chrome/107.0.0.0 Safari/537.36"
::1 - - [25/Apr/2023:10:35:55 +0200] "GET /mywebsite/wp-content/themes/oceanwp/assets/js/drop-down-search.min.js?ver=3.4.3 HTTP/1.1" 304 - "http://localhost/mywebsite/" "Mozilla/5.0 (Windows NT 10.0; Win64; x64) AppleWebKit/537.36 (KHTML, like Gecko) Chrome/107.0.0.0 Safari/537.36"
::1 - - [25/Apr/2023:10:35:55 +0200] "GET /mywebsite/wp-content/themes/oceanwp/assets/js/ow-slider.min.js?ver=3.4.3 HTTP/1.1" 304 - "http://localhost/mywebsite/" "Mozilla/5.0 (Windows NT 10.0; Win64; x64) AppleWebKit/537.36 (KHTML, like Gecko) Chrome/107.0.0.0 Safari/537.36"
::1 - - [25/Apr/2023:10:35:55 +0200] "GET /mywebsite/wp-content/themes/oceanwp/assets/js/scroll-effect.min.js?ver=3.4.3 HTTP/1.1" 304 - "http://localhost/mywebsite/" "Mozilla/5.0 (Windows NT 10.0; Win64; x64) AppleWebKit/537.36 (KHTML, like Gecko) Chrome/107.0.0.0 Safari/537.36"
::1 - - [25/Apr/2023:10:35:55 +0200] "GET /mywebsite/wp-content/themes/oceanwp/assets/js/scroll-top.min.js?ver=3.4.3 HTTP/1.1" 304 - "http://localhost/mywebsite/" "Mozilla/5.0 (Windows NT 10.0; Win64; x64) AppleWebKit/537.36 (KHTML, like Gecko) Chrome/107.0.0.0 Safari/537.36"
::1 - - [25/Apr/2023:10:35:55 +0200] "GET /mywebsite/wp-content/themes/oceanwp/assets/js/select.min.js?ver=3.4.3 HTTP/1.1" 304 - "http://localhost/mywebsite/" "Mozilla/5.0 (Windows NT 10.0; Win64; x64) AppleWebKit/537.36 (KHTML, like Gecko) Chrome/107.0.0.0 Safari/537.36"
::1 - - [25/Apr/2023:10:36:12 +0200] "POST /mywebsite/wp-admin/admin-ajax.php HTTP/1.1" 200 98 "http://localhost/mywebsite/wp-admin/post.php?post=11&action=edit" "Mozilla/5.0 (Windows NT 10.0; Win64; x64) AppleWebKit/537.36 (KHTML, like Gecko) Chrome/107.0.0.0 Safari/537.36"
127.0.0.1 - - [25/Apr/2023:10:37:12 +0200] "POST /mywebsite/wp-cron.php?doing_wp_cron=1682411832.7949349880218505859375 HTTP/1.1" 200 - "-" "WordPress/6.2; http://localhost/mywebsite"
::1 - - [25/Apr/2023:10:37:12 +0200] "POST /mywebsite/wp-admin/admin-ajax.php HTTP/1.1" 200 98 "http://localhost/mywebsite/wp-admin/post.php?post=11&action=edit" "Mozilla/5.0 (Windows NT 10.0; Win64; x64) AppleWebKit/537.36 (KHTML, like Gecko) Chrome/107.0.0.0 Safari/537.36"
127.0.0.1 - - [25/Apr/2023:10:37:23 +0200] "POST /mywebsite/wp-cron.php?doing_wp_cron=1682411843.1639690399169921875000 HTTP/1.1" 200 - "-" "WordPress/6.2; http://localhost/mywebsite"
::1 - - [25/Apr/2023:10:37:22 +0200] "POST /mywebsite/wp-json/wp/v2/pages/11?_locale=user HTTP/1.1" 200 2217 "http://localhost/mywebsite/wp-admin/post.php?post=11&action=edit" "Mozilla/5.0 (Windows NT 10.0; Win64; x64) AppleWebKit/537.36 (KHTML, like Gecko) Chrome/107.0.0.0 Safari/537.36"
::1 - - [25/Apr/2023:10:37:24 +0200] "POST /mywebsite/wp-admin/post.php?post=11&action=edit&meta-box-loader=1&meta-box-loader-nonce=459fa061e4&_locale=user HTTP/1.1" 302 - "http://localhost/mywebsite/wp-admin/post.php?post=11&action=edit" "Mozilla/5.0 (Windows NT 10.0; Win64; x64) AppleWebKit/537.36 (KHTML, like Gecko) Chrome/107.0.0.0 Safari/537.36"
::1 - - [25/Apr/2023:10:37:25 +0200] "GET /mywebsite/wp-admin/post.php?post=11&action=edit&message=4 HTTP/1.1" 200 924665 "http://localhost/mywebsite/wp-admin/post.php?post=11&action=edit" "Mozilla/5.0 (Windows NT 10.0; Win64; x64) AppleWebKit/537.36 (KHTML, like Gecko) Chrome/107.0.0.0 Safari/537.36"
::1 - - [25/Apr/2023:10:37:48 +0200] "GET /mywebsite/wp-content/themes/oceanwp/assets/fonts/fontawesome/css/all.min.css?ver=5.15.1 HTTP/1.1" 304 - "http://localhost/mywebsite/" "Mozilla/5.0 (Windows NT 10.0; Win64; x64) AppleWebKit/537.36 (KHTML, like Gecko) Chrome/107.0.0.0 Safari/537.36"
::1 - - [25/Apr/2023:10:37:48 +0200] "GET /mywebsite/wp-content/themes/oceanwp/assets/css/third/simple-line-icons.min.css?ver=2.4.0 HTTP/1.1" 304 - "http://localhost/mywebsite/" "Mozilla/5.0 (Windows NT 10.0; Win64; x64) AppleWebKit/537.36 (KHTML, like Gecko) Chrome/107.0.0.0 Safari/537.36"
::1 - - [25/Apr/2023:10:37:48 +0200] "GET /mywebsite/wp-content/themes/oceanwp/assets/css/style.min.css?ver=3.4.3 HTTP/1.1" 304 - "http://localhost/mywebsite/" "Mozilla/5.0 (Windows NT 10.0; Win64; x64) AppleWebKit/537.36 (KHTML, like Gecko) Chrome/107.0.0.0 Safari/537.36"
::1 - - [25/Apr/2023:10:37:48 +0200] "GET /mywebsite/wp-content/plugins/wpforms-lite/assets/css/admin-bar.min.css?ver=1.8.1.2 HTTP/1.1" 304 - "http://localhost/mywebsite/" "Mozilla/5.0 (Windows NT 10.0; Win64; x64) AppleWebKit/537.36 (KHTML, like Gecko) Chrome/107.0.0.0 Safari/537.36"
::1 - - [25/Apr/2023:10:37:48 +0200] "GET /mywebsite/wp-content/plugins/ocean-extra/includes/admin-bar/assets/css/admin-bar.css?ver=3.4.3 HTTP/1.1" 304 - "http://localhost/mywebsite/" "Mozilla/5.0 (Windows NT 10.0; Win64; x64) AppleWebKit/537.36 (KHTML, like Gecko) Chrome/107.0.0.0 Safari/537.36"
::1 - - [25/Apr/2023:10:37:48 +0200] "GET /mywebsite/wp-content/plugins/ocean-extra/assets/css/widgets.css?ver=6.2 HTTP/1.1" 304 - "http://localhost/mywebsite/" "Mozilla/5.0 (Windows NT 10.0; Win64; x64) AppleWebKit/537.36 (KHTML, like Gecko) Chrome/107.0.0.0 Safari/537.36"
::1 - - [25/Apr/2023:10:37:47 +0200] "GET /mywebsite/ HTTP/1.1" 200 42826 "http://localhost/mywebsite/wp-admin/themes.php" "Mozilla/5.0 (Windows NT 10.0; Win64; x64) AppleWebKit/537.36 (KHTML, like Gecko) Chrome/107.0.0.0 Safari/537.36"
::1 - - [25/Apr/2023:10:37:48 +0200] "GET /mywebsite/wp-content/themes/oceanwp/assets/js/drop-down-mobile-menu.min.js?ver=3.4.3 HTTP/1.1" 304 - "http://localhost/mywebsite/" "Mozilla/5.0 (Windows NT 10.0; Win64; x64) AppleWebKit/537.36 (KHTML, like Gecko) Chrome/107.0.0.0 Safari/537.36"
::1 - - [25/Apr/2023:10:37:48 +0200] "GET /mywebsite/wp-content/themes/oceanwp/assets/js/theme.min.js?ver=3.4.3 HTTP/1.1" 304 - "http://localhost/mywebsite/" "Mozilla/5.0 (Windows NT 10.0; Win64; x64) AppleWebKit/537.36 (KHTML, like Gecko) Chrome/107.0.0.0 Safari/537.36"
::1 - - [25/Apr/2023:10:37:48 +0200] "GET /mywebsite/wp-content/themes/oceanwp/assets/js/drop-down-search.min.js?ver=3.4.3 HTTP/1.1" 304 - "http://localhost/mywebsite/" "Mozilla/5.0 (Windows NT 10.0; Win64; x64) AppleWebKit/537.36 (KHTML, like Gecko) Chrome/107.0.0.0 Safari/537.36"
::1 - - [25/Apr/2023:10:37:48 +0200] "GET /mywebsite/wp-content/themes/oceanwp/assets/js/vendors/magnific-popup.min.js?ver=3.4.3 HTTP/1.1" 304 - "http://localhost/mywebsite/" "Mozilla/5.0 (Windows NT 10.0; Win64; x64) AppleWebKit/537.36 (KHTML, like Gecko) Chrome/107.0.0.0 Safari/537.36"
::1 - - [25/Apr/2023:10:37:48 +0200] "GET /mywebsite/wp-content/themes/oceanwp/assets/js/ow-lightbox.min.js?ver=3.4.3 HTTP/1.1" 304 - "http://localhost/mywebsite/" "Mozilla/5.0 (Windows NT 10.0; Win64; x64) AppleWebKit/537.36 (KHTML, like Gecko) Chrome/107.0.0.0 Safari/537.36"
::1 - - [25/Apr/2023:10:37:48 +0200] "GET /mywebsite/wp-content/themes/oceanwp/assets/js/vendors/flickity.pkgd.min.js?ver=3.4.3 HTTP/1.1" 304 - "http://localhost/mywebsite/" "Mozilla/5.0 (Windows NT 10.0; Win64; x64) AppleWebKit/537.36 (KHTML, like Gecko) Chrome/107.0.0.0 Safari/537.36"
::1 - - [25/Apr/2023:10:37:48 +0200] "GET /mywebsite/wp-content/themes/oceanwp/assets/js/ow-slider.min.js?ver=3.4.3 HTTP/1.1" 304 - "http://localhost/mywebsite/" "Mozilla/5.0 (Windows NT 10.0; Win64; x64) AppleWebKit/537.36 (KHTML, like Gecko) Chrome/107.0.0.0 Safari/537.36"
::1 - - [25/Apr/2023:10:37:48 +0200] "GET /mywebsite/wp-content/themes/oceanwp/assets/js/scroll-top.min.js?ver=3.4.3 HTTP/1.1" 304 - "http://localhost/mywebsite/" "Mozilla/5.0 (Windows NT 10.0; Win64; x64) AppleWebKit/537.36 (KHTML, like Gecko) Chrome/107.0.0.0 Safari/537.36"
::1 - - [25/Apr/2023:10:37:48 +0200] "GET /mywebsite/wp-content/themes/oceanwp/assets/js/scroll-effect.min.js?ver=3.4.3 HTTP/1.1" 304 - "http://localhost/mywebsite/" "Mozilla/5.0 (Windows NT 10.0; Win64; x64) AppleWebKit/537.36 (KHTML, like Gecko) Chrome/107.0.0.0 Safari/537.36"
::1 - - [25/Apr/2023:10:37:48 +0200] "GET /mywebsite/wp-content/themes/oceanwp/assets/js/select.min.js?ver=3.4.3 HTTP/1.1" 304 - "http://localhost/mywebsite/" "Mozilla/5.0 (Windows NT 10.0; Win64; x64) AppleWebKit/537.36 (KHTML, like Gecko) Chrome/107.0.0.0 Safari/537.36"
::1 - - [25/Apr/2023:10:38:13 +0200] "POST /mywebsite/wp-admin/admin-ajax.php HTTP/1.1" 200 98 "http://localhost/mywebsite/wp-admin/post.php?post=11&action=edit" "Mozilla/5.0 (Windows NT 10.0; Win64; x64) AppleWebKit/537.36 (KHTML, like Gecko) Chrome/107.0.0.0 Safari/537.36"
127.0.0.1 - - [25/Apr/2023:10:38:41 +0200] "POST /mywebsite/wp-cron.php?doing_wp_cron=1682411921.1953508853912353515625 HTTP/1.1" 200 - "-" "WordPress/6.2; http://localhost/mywebsite"
::1 - - [25/Apr/2023:10:38:40 +0200] "POST /mywebsite/wp-json/wp/v2/pages/11?_locale=user HTTP/1.1" 200 2217 "http://localhost/mywebsite/wp-admin/post.php?post=11&action=edit" "Mozilla/5.0 (Windows NT 10.0; Win64; x64) AppleWebKit/537.36 (KHTML, like Gecko) Chrome/107.0.0.0 Safari/537.36"
::1 - - [25/Apr/2023:10:38:41 +0200] "POST /mywebsite/wp-admin/post.php?post=11&action=edit&meta-box-loader=1&meta-box-loader-nonce=459fa061e4&_locale=user HTTP/1.1" 302 - "http://localhost/mywebsite/wp-admin/post.php?post=11&action=edit" "Mozilla/5.0 (Windows NT 10.0; Win64; x64) AppleWebKit/537.36 (KHTML, like Gecko) Chrome/107.0.0.0 Safari/537.36"
::1 - - [25/Apr/2023:10:38:42 +0200] "GET /mywebsite/wp-admin/post.php?post=11&action=edit&message=4 HTTP/1.1" 200 924660 "http://localhost/mywebsite/wp-admin/post.php?post=11&action=edit" "Mozilla/5.0 (Windows NT 10.0; Win64; x64) AppleWebKit/537.36 (KHTML, like Gecko) Chrome/107.0.0.0 Safari/537.36"
::1 - - [25/Apr/2023:10:38:47 +0200] "GET /mywebsite/wp-content/plugins/wpforms-lite/assets/css/admin-bar.min.css?ver=1.8.1.2 HTTP/1.1" 304 - "http://localhost/mywebsite/" "Mozilla/5.0 (Windows NT 10.0; Win64; x64) AppleWebKit/537.36 (KHTML, like Gecko) Chrome/107.0.0.0 Safari/537.36"
::1 - - [25/Apr/2023:10:38:45 +0200] "GET /mywebsite/ HTTP/1.1" 200 42566 "http://localhost/mywebsite/wp-admin/themes.php" "Mozilla/5.0 (Windows NT 10.0; Win64; x64) AppleWebKit/537.36 (KHTML, like Gecko) Chrome/107.0.0.0 Safari/537.36"
::1 - - [25/Apr/2023:10:39:14 +0200] "POST /mywebsite/wp-admin/admin-ajax.php HTTP/1.1" 200 98 "http://localhost/mywebsite/wp-admin/post.php?post=11&action=edit" "Mozilla/5.0 (Windows NT 10.0; Win64; x64) AppleWebKit/537.36 (KHTML, like Gecko) Chrome/107.0.0.0 Safari/537.36"
127.0.0.1 - - [25/Apr/2023:10:39:51 +0200] "POST /mywebsite/wp-cron.php?doing_wp_cron=1682411991.3654019832611083984375 HTTP/1.1" 200 - "-" "WordPress/6.2; http://localhost/mywebsite"
::1 - - [25/Apr/2023:10:39:50 +0200] "POST /mywebsite/wp-json/wp/v2/pages/11?_locale=user HTTP/1.1" 200 2217 "http://localhost/mywebsite/wp-admin/post.php?post=11&action=edit" "Mozilla/5.0 (Windows NT 10.0; Win64; x64) AppleWebKit/537.36 (KHTML, like Gecko) Chrome/107.0.0.0 Safari/537.36"
::1 - - [25/Apr/2023:10:39:52 +0200] "POST /mywebsite/wp-admin/post.php?post=11&action=edit&meta-box-loader=1&meta-box-loader-nonce=459fa061e4&_locale=user HTTP/1.1" 302 - "http://localhost/mywebsite/wp-admin/post.php?post=11&action=edit" "Mozilla/5.0 (Windows NT 10.0; Win64; x64) AppleWebKit/537.36 (KHTML, like Gecko) Chrome/107.0.0.0 Safari/537.36"
::1 - - [25/Apr/2023:10:39:53 +0200] "GET /mywebsite/wp-admin/post.php?post=11&action=edit&message=4 HTTP/1.1" 200 924652 "http://localhost/mywebsite/wp-admin/post.php?post=11&action=edit" "Mozilla/5.0 (Windows NT 10.0; Win64; x64) AppleWebKit/537.36 (KHTML, like Gecko) Chrome/107.0.0.0 Safari/537.36"
::1 - - [25/Apr/2023:10:39:55 +0200] "GET /mywebsite/wp-content/themes/oceanwp/assets/fonts/fontawesome/css/all.min.css?ver=5.15.1 HTTP/1.1" 304 - "http://localhost/mywebsite/" "Mozilla/5.0 (Windows NT 10.0; Win64; x64) AppleWebKit/537.36 (KHTML, like Gecko) Chrome/107.0.0.0 Safari/537.36"
::1 - - [25/Apr/2023:10:39:55 +0200] "GET /mywebsite/wp-content/themes/oceanwp/assets/css/style.min.css?ver=3.4.3 HTTP/1.1" 304 - "http://localhost/mywebsite/" "Mozilla/5.0 (Windows NT 10.0; Win64; x64) AppleWebKit/537.36 (KHTML, like Gecko) Chrome/107.0.0.0 Safari/537.36"
::1 - - [25/Apr/2023:10:39:55 +0200] "GET /mywebsite/wp-content/themes/oceanwp/assets/css/third/simple-line-icons.min.css?ver=2.4.0 HTTP/1.1" 304 - "http://localhost/mywebsite/" "Mozilla/5.0 (Windows NT 10.0; Win64; x64) AppleWebKit/537.36 (KHTML, like Gecko) Chrome/107.0.0.0 Safari/537.36"
::1 - - [25/Apr/2023:10:39:55 +0200] "GET /mywebsite/wp-content/plugins/wpforms-lite/assets/css/admin-bar.min.css?ver=1.8.1.2 HTTP/1.1" 304 - "http://localhost/mywebsite/" "Mozilla/5.0 (Windows NT 10.0; Win64; x64) AppleWebKit/537.36 (KHTML, like Gecko) Chrome/107.0.0.0 Safari/537.36"
::1 - - [25/Apr/2023:10:39:55 +0200] "GET /mywebsite/wp-content/plugins/ocean-extra/includes/admin-bar/assets/css/admin-bar.css?ver=3.4.3 HTTP/1.1" 304 - "http://localhost/mywebsite/" "Mozilla/5.0 (Windows NT 10.0; Win64; x64) AppleWebKit/537.36 (KHTML, like Gecko) Chrome/107.0.0.0 Safari/537.36"
::1 - - [25/Apr/2023:10:39:55 +0200] "GET /mywebsite/wp-content/plugins/ocean-extra/assets/css/widgets.css?ver=6.2 HTTP/1.1" 304 - "http://localhost/mywebsite/" "Mozilla/5.0 (Windows NT 10.0; Win64; x64) AppleWebKit/537.36 (KHTML, like Gecko) Chrome/107.0.0.0 Safari/537.36"
::1 - - [25/Apr/2023:10:39:54 +0200] "GET /mywebsite/ HTTP/1.1" 200 41442 "http://localhost/mywebsite/wp-admin/themes.php" "Mozilla/5.0 (Windows NT 10.0; Win64; x64) AppleWebKit/537.36 (KHTML, like Gecko) Chrome/107.0.0.0 Safari/537.36"
::1 - - [25/Apr/2023:10:39:55 +0200] "GET /mywebsite/wp-content/themes/oceanwp/assets/js/theme.min.js?ver=3.4.3 HTTP/1.1" 304 - "http://localhost/mywebsite/" "Mozilla/5.0 (Windows NT 10.0; Win64; x64) AppleWebKit/537.36 (KHTML, like Gecko) Chrome/107.0.0.0 Safari/537.36"
::1 - - [25/Apr/2023:10:39:55 +0200] "GET /mywebsite/wp-content/themes/oceanwp/assets/js/drop-down-mobile-menu.min.js?ver=3.4.3 HTTP/1.1" 304 - "http://localhost/mywebsite/" "Mozilla/5.0 (Windows NT 10.0; Win64; x64) AppleWebKit/537.36 (KHTML, like Gecko) Chrome/107.0.0.0 Safari/537.36"
::1 - - [25/Apr/2023:10:39:55 +0200] "GET /mywebsite/wp-content/themes/oceanwp/assets/js/vendors/magnific-popup.min.js?ver=3.4.3 HTTP/1.1" 304 - "http://localhost/mywebsite/" "Mozilla/5.0 (Windows NT 10.0; Win64; x64) AppleWebKit/537.36 (KHTML, like Gecko) Chrome/107.0.0.0 Safari/537.36"
::1 - - [25/Apr/2023:10:39:55 +0200] "GET /mywebsite/wp-content/themes/oceanwp/assets/js/ow-lightbox.min.js?ver=3.4.3 HTTP/1.1" 304 - "http://localhost/mywebsite/" "Mozilla/5.0 (Windows NT 10.0; Win64; x64) AppleWebKit/537.36 (KHTML, like Gecko) Chrome/107.0.0.0 Safari/537.36"
::1 - - [25/Apr/2023:10:39:55 +0200] "GET /mywebsite/wp-content/themes/oceanwp/assets/js/vendors/flickity.pkgd.min.js?ver=3.4.3 HTTP/1.1" 304 - "http://localhost/mywebsite/" "Mozilla/5.0 (Windows NT 10.0; Win64; x64) AppleWebKit/537.36 (KHTML, like Gecko) Chrome/107.0.0.0 Safari/537.36"
::1 - - [25/Apr/2023:10:39:55 +0200] "GET /mywebsite/wp-content/themes/oceanwp/assets/js/drop-down-search.min.js?ver=3.4.3 HTTP/1.1" 304 - "http://localhost/mywebsite/" "Mozilla/5.0 (Windows NT 10.0; Win64; x64) AppleWebKit/537.36 (KHTML, like Gecko) Chrome/107.0.0.0 Safari/537.36"
::1 - - [25/Apr/2023:10:39:55 +0200] "GET /mywebsite/wp-content/themes/oceanwp/assets/js/ow-slider.min.js?ver=3.4.3 HTTP/1.1" 304 - "http://localhost/mywebsite/" "Mozilla/5.0 (Windows NT 10.0; Win64; x64) AppleWebKit/537.36 (KHTML, like Gecko) Chrome/107.0.0.0 Safari/537.36"
::1 - - [25/Apr/2023:10:39:55 +0200] "GET /mywebsite/wp-content/themes/oceanwp/assets/js/scroll-top.min.js?ver=3.4.3 HTTP/1.1" 304 - "http://localhost/mywebsite/" "Mozilla/5.0 (Windows NT 10.0; Win64; x64) AppleWebKit/537.36 (KHTML, like Gecko) Chrome/107.0.0.0 Safari/537.36"
::1 - - [25/Apr/2023:10:39:55 +0200] "GET /mywebsite/wp-content/themes/oceanwp/assets/js/select.min.js?ver=3.4.3 HTTP/1.1" 304 - "http://localhost/mywebsite/" "Mozilla/5.0 (Windows NT 10.0; Win64; x64) AppleWebKit/537.36 (KHTML, like Gecko) Chrome/107.0.0.0 Safari/537.36"
::1 - - [25/Apr/2023:10:39:55 +0200] "GET /mywebsite/wp-content/themes/oceanwp/assets/js/scroll-effect.min.js?ver=3.4.3 HTTP/1.1" 304 - "http://localhost/mywebsite/" "Mozilla/5.0 (Windows NT 10.0; Win64; x64) AppleWebKit/537.36 (KHTML, like Gecko) Chrome/107.0.0.0 Safari/537.36"
::1 - - [25/Apr/2023:10:40:15 +0200] "POST /mywebsite/wp-admin/admin-ajax.php HTTP/1.1" 200 98 "http://localhost/mywebsite/wp-admin/post.php?post=11&action=edit" "Mozilla/5.0 (Windows NT 10.0; Win64; x64) AppleWebKit/537.36 (KHTML, like Gecko) Chrome/107.0.0.0 Safari/537.36"
127.0.0.1 - - [25/Apr/2023:10:41:04 +0200] "POST /mywebsite/wp-cron.php?doing_wp_cron=1682412064.1692109107971191406250 HTTP/1.1" 200 - "-" "WordPress/6.2; http://localhost/mywebsite"
127.0.0.1 - - [25/Apr/2023:10:41:04 +0200] "POST /mywebsite/wp-cron.php?doing_wp_cron=1682412064.1727240085601806640625 HTTP/1.1" 200 - "-" "WordPress/6.2; http://localhost/mywebsite"
::1 - - [25/Apr/2023:10:41:05 +0200] "GET /mywebsite/wp-content/plugins/ocean-extra/includes/freemius/assets/css/admin/common.css?ver=6.2 HTTP/1.1" 304 - "http://localhost/mywebsite/wp-admin/edit.php?post_type=page" "Mozilla/5.0 (Windows NT 10.0; Win64; x64) AppleWebKit/537.36 (KHTML, like Gecko) Chrome/107.0.0.0 Safari/537.36"
::1 - - [25/Apr/2023:10:41:05 +0200] "GET /mywebsite/wp-content/plugins/ocean-extra/includes/themepanel/assets/css/theme-panel-customizer.css?ver=6.2 HTTP/1.1" 304 - "http://localhost/mywebsite/wp-admin/edit.php?post_type=page" "Mozilla/5.0 (Windows NT 10.0; Win64; x64) AppleWebKit/537.36 (KHTML, like Gecko) Chrome/107.0.0.0 Safari/537.36"
::1 - - [25/Apr/2023:10:41:05 +0200] "GET /mywebsite/wp-content/plugins/wpforms-lite/assets/lite/css/admin/edit-post-education.min.css?ver=1.8.1.2 HTTP/1.1" 304 - "http://localhost/mywebsite/wp-admin/edit.php?post_type=page" "Mozilla/5.0 (Windows NT 10.0; Win64; x64) AppleWebKit/537.36 (KHTML, like Gecko) Chrome/107.0.0.0 Safari/537.36"
::1 - - [25/Apr/2023:10:41:03 +0200] "POST /mywebsite/wp-admin/admin-ajax.php HTTP/1.1" 200 1 "http://localhost/mywebsite/wp-admin/post.php?post=11&action=edit" "Mozilla/5.0 (Windows NT 10.0; Win64; x64) AppleWebKit/537.36 (KHTML, like Gecko) Chrome/107.0.0.0 Safari/537.36"
::1 - - [25/Apr/2023:10:41:03 +0200] "GET /mywebsite/wp-admin/edit.php?post_type=page HTTP/1.1" 200 76561 "http://localhost/mywebsite/wp-admin/post.php?post=11&action=edit" "Mozilla/5.0 (Windows NT 10.0; Win64; x64) AppleWebKit/537.36 (KHTML, like Gecko) Chrome/107.0.0.0 Safari/537.36"
::1 - - [25/Apr/2023:10:41:05 +0200] "GET /mywebsite/wp-content/themes/oceanwp/inc/themepanel/assets/images/themepanel-icon.svg HTTP/1.1" 304 - "http://localhost/mywebsite/wp-admin/edit.php?post_type=page" "Mozilla/5.0 (Windows NT 10.0; Win64; x64) AppleWebKit/537.36 (KHTML, like Gecko) Chrome/107.0.0.0 Safari/537.36"
::1 - - [25/Apr/2023:10:41:05 +0200] "GET /mywebsite/wp-content/plugins/wpforms-lite/assets/lite/js/admin/education/lite-connect.min.js?ver=1.8.1.2 HTTP/1.1" 304 - "http://localhost/mywebsite/wp-admin/edit.php?post_type=page" "Mozilla/5.0 (Windows NT 10.0; Win64; x64) AppleWebKit/537.36 (KHTML, like Gecko) Chrome/107.0.0.0 Safari/537.36"
::1 - - [25/Apr/2023:10:41:05 +0200] "GET /mywebsite/wp-content/themes/oceanwp/inc/themepanel/assets/js/admin.js?ver=3.4.3 HTTP/1.1" 304 - "http://localhost/mywebsite/wp-admin/edit.php?post_type=page" "Mozilla/5.0 (Windows NT 10.0; Win64; x64) AppleWebKit/537.36 (KHTML, like Gecko) Chrome/107.0.0.0 Safari/537.36"
::1 - - [25/Apr/2023:10:41:05 +0200] "GET /mywebsite/wp-content/plugins/wpforms-lite/assets/lite/js/admin/edit-post-education.es5.min.js?ver=1.8.1.2 HTTP/1.1" 304 - "http://localhost/mywebsite/wp-admin/edit.php?post_type=page" "Mozilla/5.0 (Windows NT 10.0; Win64; x64) AppleWebKit/537.36 (KHTML, like Gecko) Chrome/107.0.0.0 Safari/537.36"
::1 - - [25/Apr/2023:10:41:05 +0200] "POST /mywebsite/wp-admin/admin-ajax.php HTTP/1.1" 200 47 "http://localhost/mywebsite/wp-admin/edit.php?post_type=page" "Mozilla/5.0 (Windows NT 10.0; Win64; x64) AppleWebKit/537.36 (KHTML, like Gecko) Chrome/107.0.0.0 Safari/537.36"
::1 - - [25/Apr/2023:10:41:06 +0200] "POST /mywebsite/wp-admin/admin-ajax.php HTTP/1.1" 200 17 "http://localhost/mywebsite/wp-admin/edit.php?post_type=page" "Mozilla/5.0 (Windows NT 10.0; Win64; x64) AppleWebKit/537.36 (KHTML, like Gecko) Chrome/107.0.0.0 Safari/537.36"
::1 - - [25/Apr/2023:10:41:20 +0200] "POST /mywebsite/wp-admin/admin-ajax.php HTTP/1.1" 200 47 "http://localhost/mywebsite/wp-admin/edit.php?post_type=page" "Mozilla/5.0 (Windows NT 10.0; Win64; x64) AppleWebKit/537.36 (KHTML, like Gecko) Chrome/107.0.0.0 Safari/537.36"
127.0.0.1 - - [25/Apr/2023:10:41:23 +0200] "POST /mywebsite/wp-cron.php?doing_wp_cron=1682412083.0234711170196533203125 HTTP/1.1" 200 - "-" "WordPress/6.2; http://localhost/mywebsite"
::1 - - [25/Apr/2023:10:41:23 +0200] "GET /mywebsite/wp-content/plugins/wpforms-lite/assets/css/admin-integrations.min.css?ver=1.8.1.2 HTTP/1.1" 304 - "http://localhost/mywebsite/wp-admin/post-new.php?post_type=page" "Mozilla/5.0 (Windows NT 10.0; Win64; x64) AppleWebKit/537.36 (KHTML, like Gecko) Chrome/107.0.0.0 Safari/537.36"
::1 - - [25/Apr/2023:10:41:23 +0200] "GET /mywebsite/wp-content/plugins/wpforms-lite/assets/css/choices.min.css?ver=9.0.1 HTTP/1.1" 304 - "http://localhost/mywebsite/wp-admin/post-new.php?post_type=page" "Mozilla/5.0 (Windows NT 10.0; Win64; x64) AppleWebKit/537.36 (KHTML, like Gecko) Chrome/107.0.0.0 Safari/537.36"
::1 - - [25/Apr/2023:10:41:23 +0200] "GET /mywebsite/wp-content/plugins/ocean-extra/includes/metabox/controls/assets/css/select2.min.css?ver=6.2 HTTP/1.1" 304 - "http://localhost/mywebsite/wp-admin/post-new.php?post_type=page" "Mozilla/5.0 (Windows NT 10.0; Win64; x64) AppleWebKit/537.36 (KHTML, like Gecko) Chrome/107.0.0.0 Safari/537.36"
::1 - - [25/Apr/2023:10:41:23 +0200] "GET /mywebsite/wp-content/plugins/wpforms-lite/assets/css/frontend/modern/wpforms-full.min.css?ver=1.8.1.2 HTTP/1.1" 304 - "http://localhost/mywebsite/wp-admin/post-new.php?post_type=page" "Mozilla/5.0 (Windows NT 10.0; Win64; x64) AppleWebKit/537.36 (KHTML, like Gecko) Chrome/107.0.0.0 Safari/537.36"
::1 - - [25/Apr/2023:10:41:23 +0200] "GET /mywebsite/wp-content/plugins/ocean-extra/includes/admin-bar/assets/css/admin-bar.css?ver=3.4.3 HTTP/1.1" 304 - "http://localhost/mywebsite/wp-admin/post-new.php?post_type=page" "Mozilla/5.0 (Windows NT 10.0; Win64; x64) AppleWebKit/537.36 (KHTML, like Gecko) Chrome/107.0.0.0 Safari/537.36"
::1 - - [25/Apr/2023:10:41:23 +0200] "GET /mywebsite/wp-content/plugins/wpforms-lite/assets/css/admin-bar.min.css?ver=1.8.1.2 HTTP/1.1" 304 - "http://localhost/mywebsite/wp-admin/post-new.php?post_type=page" "Mozilla/5.0 (Windows NT 10.0; Win64; x64) AppleWebKit/537.36 (KHTML, like Gecko) Chrome/107.0.0.0 Safari/537.36"
::1 - - [25/Apr/2023:10:41:23 +0200] "GET /mywebsite/wp-content/plugins/ocean-extra/includes/metabox/controls/assets/css/butterbean.min.css?ver=6.2 HTTP/1.1" 304 - "http://localhost/mywebsite/wp-admin/post-new.php?post_type=page" "Mozilla/5.0 (Windows NT 10.0; Win64; x64) AppleWebKit/537.36 (KHTML, like Gecko) Chrome/107.0.0.0 Safari/537.36"
::1 - - [25/Apr/2023:10:41:23 +0200] "GET /mywebsite/wp-content/plugins/ocean-extra/includes/metabox/butterbean/css/butterbean.min.css?ver=6.2 HTTP/1.1" 304 - "http://localhost/mywebsite/wp-admin/post-new.php?post_type=page" "Mozilla/5.0 (Windows NT 10.0; Win64; x64) AppleWebKit/537.36 (KHTML, like Gecko) Chrome/107.0.0.0 Safari/537.36"
::1 - - [25/Apr/2023:10:41:24 +0200] "GET /mywebsite/wp-content/plugins/wpforms-lite/assets/js/components/admin/form-embed-wizard.min.js?ver=1.8.1.2 HTTP/1.1" 200 7279 "http://localhost/mywebsite/wp-admin/post-new.php?post_type=page" "Mozilla/5.0 (Windows NT 10.0; Win64; x64) AppleWebKit/537.36 (KHTML, like Gecko) Chrome/107.0.0.0 Safari/537.36"
::1 - - [25/Apr/2023:10:41:22 +0200] "GET /mywebsite/wp-admin/post-new.php?post_type=page HTTP/1.1" 200 932921 "http://localhost/mywebsite/wp-admin/edit.php?post_type=page" "Mozilla/5.0 (Windows NT 10.0; Win64; x64) AppleWebKit/537.36 (KHTML, like Gecko) Chrome/107.0.0.0 Safari/537.36"
::1 - - [25/Apr/2023:10:41:24 +0200] "GET /mywebsite/wp-admin/load-scripts.php?c=1&load%5Bchunk_0%5D=jquery-core,jquery-migrate,utils,underscore,moxiejs,plupload&ver=6.2 HTTP/1.1" 200 226941 "http://localhost/mywebsite/wp-admin/post-new.php?post_type=page" "Mozilla/5.0 (Windows NT 10.0; Win64; x64) AppleWebKit/537.36 (KHTML, like Gecko) Chrome/107.0.0.0 Safari/537.36"
::1 - - [25/Apr/2023:10:41:24 +0200] "GET /mywebsite/wp-content/plugins/wpforms-lite/assets/js/wpforms-modern.min.js?ver=1.8.1.2 HTTP/1.1" 304 - "http://localhost/mywebsite/wp-admin/post-new.php?post_type=page" "Mozilla/5.0 (Windows NT 10.0; Win64; x64) AppleWebKit/537.36 (KHTML, like Gecko) Chrome/107.0.0.0 Safari/537.36"
::1 - - [25/Apr/2023:10:41:24 +0200] "GET /mywebsite/wp-content/plugins/wpforms-lite/assets/js/components/admin/gutenberg/formselector.es5.min.js?ver=1.8.1.2 HTTP/1.1" 304 - "http://localhost/mywebsite/wp-admin/post-new.php?post_type=page" "Mozilla/5.0 (Windows NT 10.0; Win64; x64) AppleWebKit/537.36 (KHTML, like Gecko) Chrome/107.0.0.0 Safari/537.36"
::1 - - [25/Apr/2023:10:41:24 +0200] "GET /mywebsite/wp-content/plugins/ocean-extra/includes/metabox/butterbean/js/butterbean.min.js?ver=6.2 HTTP/1.1" 304 - "http://localhost/mywebsite/wp-admin/post-new.php?post_type=page" "Mozilla/5.0 (Windows NT 10.0; Win64; x64) AppleWebKit/537.36 (KHTML, like Gecko) Chrome/107.0.0.0 Safari/537.36"
